Component: ARM Compiler 5.06 update 3 (build 300) Tool: armlink [4d35c9]

==============================================================================

Section Cross References

    main.o(.text) refers to noretval__2printf.o(.text) for __2printf
    main.o(.text) refers to delay.o(.text) for delay_ms
    main.o(.text) refers to ov2640.o(.text) for OV2640_Init
    main.o(.text) refers to sccb.o(.text) for SCCB_WR_Reg
    main.o(.text) refers to misc.o(.text) for NVIC_PriorityGroupConfig
    main.o(.text) refers to usart.o(.text) for uart_init
    main.o(.text) refers to led.o(.text) for LED_Init
    main.o(.text) refers to sram.o(.text) for FSMC_SRAM_Init
    main.o(.text) refers to malloc.o(.text) for my_mem_init
    main.o(.text) refers to os_core.o(.text) for OSInit
    main.o(.text) refers to lwip_comm.o(.text) for lwip_comm_init
    main.o(.text) refers to ucostask.o(.text) for uCos_main
    system_stm32f10x.o(.text) refers to system_stm32f10x.o(.data) for SystemCoreClock
    ucostask.o(.text) refers to os_time.o(.text) for OSTimeDlyHMSM
    ucostask.o(.text) refers to os_core.o(.text) for OSStatInit
    ucostask.o(.text) refers to os_cpu_a.o(.text) for OS_CPU_SR_Save
    ucostask.o(.text) refers to os_task.o(.text) for OSTaskCreate
    ucostask.o(.text) refers to noretval__2printf.o(.text) for __2printf
    ucostask.o(.text) refers to delay.o(.text) for delay_ms
    ucostask.o(.text) refers to tcp_server_demo.o(.text) for tcp_server_init
    ucostask.o(.text) refers to ucostask.o(.bss) for LED_TASK_STK
    startup_stm32f10x_hd.o(STACK) refers (Special) to heapauxi.o(.text) for __use_two_region_memory
    startup_stm32f10x_hd.o(HEAP) refers (Special) to heapauxi.o(.text) for __use_two_region_memory
    startup_stm32f10x_hd.o(RESET) refers (Special) to heapauxi.o(.text) for __use_two_region_memory
    startup_stm32f10x_hd.o(RESET) refers to startup_stm32f10x_hd.o(STACK) for __initial_sp
    startup_stm32f10x_hd.o(RESET) refers to startup_stm32f10x_hd.o(.text) for Reset_Handler
    startup_stm32f10x_hd.o(RESET) refers to stm32f10x_it.o(.text) for NMI_Handler
    startup_stm32f10x_hd.o(RESET) refers to os_cpu_a.o(.text) for PendSV_Handler
    startup_stm32f10x_hd.o(RESET) refers to delay.o(.text) for SysTick_Handler
    startup_stm32f10x_hd.o(RESET) refers to enc28j60.o(.text) for EXTI9_5_IRQHandler
    startup_stm32f10x_hd.o(RESET) refers to timer.o(.text) for TIM3_IRQHandler
    startup_stm32f10x_hd.o(RESET) refers to usart.o(.text) for USART1_IRQHandler
    startup_stm32f10x_hd.o(.text) refers (Special) to heapauxi.o(.text) for __use_two_region_memory
    startup_stm32f10x_hd.o(.text) refers to system_stm32f10x.o(.text) for SystemInit
    startup_stm32f10x_hd.o(.text) refers to __main.o(!!!main) for __main
    startup_stm32f10x_hd.o(.text) refers to startup_stm32f10x_hd.o(HEAP) for Heap_Mem
    startup_stm32f10x_hd.o(.text) refers to startup_stm32f10x_hd.o(STACK) for Stack_Mem
    stm32f10x_rcc.o(.text) refers to stm32f10x_rcc.o(.data) for APBAHBPrescTable
    stm32f10x_spi.o(.text) refers to stm32f10x_rcc.o(.text) for RCC_APB2PeriphResetCmd
    stm32f10x_usart.o(.text) refers to stm32f10x_rcc.o(.text) for RCC_APB2PeriphResetCmd
    stm32f10x_gpio.o(.text) refers to stm32f10x_rcc.o(.text) for RCC_APB2PeriphResetCmd
    stm32f10x_tim.o(.text) refers to stm32f10x_rcc.o(.text) for RCC_APB2PeriphResetCmd
    delay.o(.text) refers to os_core.o(.text) for OSSchedLock
    delay.o(.text) refers to os_time.o(.text) for OSTimeDly
    delay.o(.text) refers to misc.o(.text) for SysTick_CLKSourceConfig
    delay.o(.text) refers to os_core.o(.data) for OSRunning
    delay.o(.text) refers to system_stm32f10x.o(.data) for SystemCoreClock
    delay.o(.text) refers to delay.o(.data) for fac_us
    usart.o(.text) refers (Special) to use_no_semi_2.o(.text) for __use_no_semihosting
    usart.o(.text) refers to stm32f10x_rcc.o(.text) for RCC_APB2PeriphClockCmd
    usart.o(.text) refers to stm32f10x_gpio.o(.text) for GPIO_Init
    usart.o(.text) refers to misc.o(.text) for NVIC_Init
    usart.o(.text) refers to stm32f10x_usart.o(.text) for USART_Init
    usart.o(.text) refers to os_core.o(.text) for OSIntEnter
    usart.o(.text) refers to usart.o(.data) for USART_RX_STA
    usart.o(.text) refers to usart.o(.bss) for USART_RX_BUF
    usart.o(.bss) refers (Special) to use_no_semi_2.o(.text) for __use_no_semihosting
    usart.o(.data) refers (Special) to use_no_semi_2.o(.text) for __use_no_semihosting
    led.o(.text) refers to stm32f10x_rcc.o(.text) for RCC_APB2PeriphClockCmd
    led.o(.text) refers to stm32f10x_gpio.o(.text) for GPIO_Init
    key.o(.text) refers to stm32f10x_rcc.o(.text) for RCC_APB2PeriphClockCmd
    key.o(.text) refers to stm32f10x_gpio.o(.text) for GPIO_Init
    key.o(.text) refers to delay.o(.text) for delay_ms
    key.o(.text) refers to key.o(.data) for key_up
    lcd.o(.text) refers to _printf_percent.o(.ARM.Collect$$_printf_percent$$00000000) for _printf_percent
[...]
    USART_DeInit                             0x08000d75   Thumb Code   134  stm32f10x_usart.o(.text)
    USART_Init                               0x08000dfb   Thumb Code   210  stm32f10x_usart.o(.text)
    USART_StructInit                         0x08000ecd   Thumb Code    24  stm32f10x_usart.o(.text)
    USART_ClockInit                          0x08000ee5   Thumb Code    34  stm32f10x_usart.o(.text)
    USART_ClockStructInit                    0x08000f07   Thumb Code    12  stm32f10x_usart.o(.text)
    USART_Cmd                                0x08000f13   Thumb Code    24  stm32f10x_usart.o(.text)
    USART_ITConfig                           0x08000f2b   Thumb Code    74  stm32f10x_usart.o(.text)
    USART_DMACmd                             0x08000f75   Thumb Code    18  stm32f10x_usart.o(.text)
    USART_SetAddress                         0x08000f87   Thumb Code    18  stm32f10x_usart.o(.text)
    USART_WakeUpConfig                       0x08000f99   Thumb Code    18  stm32f10x_usart.o(.text)
    USART_ReceiverWakeUpCmd                  0x08000fab   Thumb Code    24  stm32f10x_usart.o(.text)
    USART_LINBreakDetectLengthConfig         0x08000fc3   Thumb Code    18  stm32f10x_usart.o(.text)
    USART_LINCmd                             0x08000fd5   Thumb Code    24  stm32f10x_usart.o(.text)
    USART_SendData                           0x08000fed   Thumb Code     8  stm32f10x_usart.o(.text)
    USART_ReceiveData                        0x08000ff5   Thumb Code    10  stm32f10x_usart.o(.text)
    USART_SendBreak                          0x08000fff   Thumb Code    10  stm32f10x_usart.o(.text)
    USART_SetGuardTime                       0x08001009   Thumb Code    16  stm32f10x_usart.o(.text)
    USART_SetPrescaler                       0x08001019   Thumb Code    16  stm32f10x_usart.o(.text)
    USART_SmartCardCmd                       0x08001029   Thumb Code    24  stm32f10x_usart.o(.text)
    USART_SmartCardNACKCmd                   0x08001041   Thumb Code    24  stm32f10x_usart.o(.text)
    USART_HalfDuplexCmd                      0x08001059   Thumb Code    24  stm32f10x_usart.o(.text)
    USART_OverSampling8Cmd                   0x08001071   Thumb Code    22  stm32f10x_usart.o(.text)
    USART_OneBitMethodCmd                    0x08001087   Thumb Code    24  stm32f10x_usart.o(.text)
    USART_IrDAConfig                         0x0800109f   Thumb Code    18  stm32f10x_usart.o(.text)
    USART_IrDACmd                            0x080010b1   Thumb Code    24  stm32f10x_usart.o(.text)
    USART_GetFlagStatus                      0x080010c9   Thumb Code    26  stm32f10x_usart.o(.text)
    USART_ClearFlag                          0x080010e3   Thumb Code    18  stm32f10x_usart.o(.text)
    USART_GetITStatus                        0x080010f5   Thumb Code    84  stm32f10x_usart.o(.text)
    USART_ClearITPendingBit                  0x08001149   Thumb Code    52  stm32f10x_usart.o(.text)
    GPIO_DeInit                              0x0800117d   Thumb Code   172  stm32f10x_gpio.o(.text)
    GPIO_AFIODeInit                          0x08001229   Thumb Code    20  stm32f10x_gpio.o(.text)
    GPIO_Init                                0x0800123d   Thumb Code   278  stm32f10x_gpio.o(.text)
    GPIO_StructInit                          0x08001353   Thumb Code    16  stm32f10x_gpio.o(.text)
    GPIO_ReadInputDataBit                    0x08001363   Thumb Code    18  stm32f10x_gpio.o(.text)
    GPIO_ReadInputData                       0x08001375   Thumb Code     8  stm32f10x_gpio.o(.text)
    GPIO_ReadOutputDataBit                   0x0800137d   Thumb Code    18  stm32f10x_gpio.o(.text)
    GPIO_ReadOutputData                      0x0800138f   Thumb Code     8  stm32f10x_gpio.o(.text)
    GPIO_SetBits                             0x08001397   Thumb Code     4  stm32f10x_gpio.o(.text)
    GPIO_ResetBits                           0x0800139b   Thumb Code     4  stm32f10x_gpio.o(.text)
    GPIO_WriteBit                            0x0800139f   Thumb Code    10  stm32f10x_gpio.o(.text)
    GPIO_Write                               0x080013a9   Thumb Code     4  stm32f10x_gpio.o(.text)
    GPIO_PinLockConfig                       0x080013ad   Thumb Code    18  stm32f10x_gpio.o(.text)
    GPIO_EventOutputConfig                   0x080013bf   Thumb Code    26  stm32f10x_gpio.o(.text)
    GPIO_EventOutputCmd                      0x080013d9   Thumb Code     6  stm32f10x_gpio.o(.text)
    GPIO_PinRemapConfig                      0x080013df   Thumb Code   138  stm32f10x_gpio.o(.text)
    GPIO_EXTILineConfig                      0x08001469   Thumb Code    66  stm32f10x_gpio.o(.text)
    GPIO_ETH_MediaInterfaceConfig            0x080014ab   Thumb Code     8  stm32f10x_gpio.o(.text)
    FSMC_NORSRAMDeInit                       0x080014d9   Thumb Code    54  stm32f10x_fsmc.o(.text)
    FSMC_NANDDeInit                          0x0800150f   Thumb Code    62  stm32f10x_fsmc.o(.text)
    FSMC_PCCARDDeInit                        0x0800154d   Thumb Code    36  stm32f10x_fsmc.o(.text)
    FSMC_NORSRAMInit                         0x08001571   Thumb Code   230  stm32f10x_fsmc.o(.text)
    FSMC_NANDInit                            0x08001657   Thumb Code   132  stm32f10x_fsmc.o(.text)
    FSMC_PCCARDInit                          0x080016db   Thumb Code   130  stm32f10x_fsmc.o(.text)
    FSMC_NORSRAMStructInit                   0x0800175d   Thumb Code   114  stm32f10x_fsmc.o(.text)
    FSMC_NANDStructInit                      0x080017cf   Thumb Code    54  stm32f10x_fsmc.o(.text)
    FSMC_PCCARDStructInit                    0x08001805   Thumb Code    60  stm32f10x_fsmc.o(.text)
    FSMC_NORSRAMCmd                          0x08001841   Thumb Code    46  stm32f10x_fsmc.o(.text)
    FSMC_NANDCmd                             0x0800186f   Thumb Code    86  stm32f10x_fsmc.o(.text)
    FSMC_PCCARDCmd                           0x080018c5   Thumb Code    44  stm32f10x_fsmc.o(.text)
    FSMC_NANDECCCmd                          0x080018f1   Thumb Code    90  stm32f10x_fsmc.o(.text)
    FSMC_GetECC                              0x0800194b   Thumb Code    24  stm32f10x_fsmc.o(.text)
    FSMC_ITConfig                            0x08001963   Thumb Code   128  stm32f10x_fsmc.o(.text)
    FSMC_GetFlagStatus                       0x080019e3   Thumb Code    54  stm32f10x_fsmc.o(.text)
    FSMC_ClearFlag                           0x08001a19   Thumb Code    62  stm32f10x_fsmc.o(.text)
    FSMC_GetITStatus                         0x08001a57   Thumb Code    64  stm32f10x_fsmc.o(.text)
    FSMC_ClearITPendingBit                   0x08001a97   Thumb Code    68  stm32f10x_fsmc.o(.text)
    TIM_DeInit                               0x08001ae5   Thumb Code   424  stm32f10x_tim.o(.text)
    TIM_TimeBaseInit                         0x08001c8d   Thumb Code   122  stm32f10x_tim.o(.text)
    TIM_OC1Init                              0x08001d07   Thumb Code   132  stm32f10x_tim.o(.text)
    TIM_OC2Init                              0x08001d8b   Thumb Code   154  stm32f10x_tim.o(.text)
    TIM_OC3Init                              0x08001e25   Thumb Code   150  stm32f10x_tim.o(.text)
    TIM_OC4Init                              0x08001ebb   Thumb Code   182  stm32f10x_tim.o(.text)
    TIM_SetIC4Prescaler                      0x08001f71   Thumb Code    26  stm32f10x_tim.o(.text)
    TIM_SetIC3Prescaler                      0x0800200d   Thumb Code    18  stm32f10x_tim.o(.text)
    TIM_SetIC2Prescaler                      0x08002099   Thumb Code    26  stm32f10x_tim.o(.text)
    TIM_SetIC1Prescaler                      0x08002135   Thumb Code    18  stm32f10x_tim.o(.text)
    TIM_ICInit                               0x080021b3   Thumb Code   150  stm32f10x_tim.o(.text)
    TIM_PWMIConfig                           0x08002249   Thumb Code   124  stm32f10x_tim.o(.text)
    TIM_BDTRConfig                           0x080022c5   Thumb Code    32  stm32f10x_tim.o(.text)
    TIM_TimeBaseStructInit                   0x080022e5   Thumb Code    18  stm32f10x_tim.o(.text)
    TIM_OCStructInit                         0x080022f7   Thumb Code    20  stm32f10x_tim.o(.text)
    TIM_ICStructInit                         0x0800230b   Thumb Code    18  stm32f10x_tim.o(.text)
    TIM_BDTRStructInit                       0x0800231d   Thumb Code    40  stm32f10x_tim.o(.text)
    TIM_Cmd                                  0x08002345   Thumb Code    24  stm32f10x_tim.o(.text)
    TIM_CtrlPWMOutputs                       0x0800235d   Thumb Code    30  stm32f10x_tim.o(.text)
    TIM_ITConfig                             0x0800237b   Thumb Code    18  stm32f10x_tim.o(.text)
    TIM_GenerateEvent                        0x0800238d   Thumb Code     4  stm32f10x_tim.o(.text)
    TIM_DMAConfig                            0x08002391   Thumb Code    10  stm32f10x_tim.o(.text)
    TIM_DMACmd                               0x0800239b   Thumb Code    18  stm32f10x_tim.o(.text)
    TIM_InternalClockConfig                  0x080023ad   Thumb Code    12  stm32f10x_tim.o(.text)
    TIM_SelectInputTrigger                   0x080023b9   Thumb Code    18  stm32f10x_tim.o(.text)
    TIM_ITRxExternalClockConfig              0x080023cb   Thumb Code    24  stm32f10x_tim.o(.text)
    TIM_TIxExternalClockConfig               0x080023e3   Thumb Code    62  stm32f10x_tim.o(.text)
    TIM_ETRConfig                            0x08002421   Thumb Code    28  stm32f10x_tim.o(.text)
    TIM_ETRClockMode1Config                  0x0800243d   Thumb Code    54  stm32f10x_tim.o(.text)
    TIM_ETRClockMode2Config                  0x08002473   Thumb Code    32  stm32f10x_tim.o(.text)
    TIM_PrescalerConfig                      0x08002493   Thumb Code     6  stm32f10x_tim.o(.text)
    TIM_CounterModeConfig                    0x08002499   Thumb Code    18  stm32f10x_tim.o(.text)
    TIM_EncoderInterfaceConfig               0x080024ab   Thumb Code    66  stm32f10x_tim.o(.text)
    TIM_ForcedOC1Config                      0x080024ed   Thumb Code    18  stm32f10x_tim.o(.text)
    TIM_ForcedOC2Config                      0x080024ff   Thumb Code    26  stm32f10x_tim.o(.text)
    TIM_ForcedOC3Config                      0x08002519   Thumb Code    18  stm32f10x_tim.o(.text)
    TIM_ForcedOC4Config                      0x0800252b   Thumb Code    26  stm32f10x_tim.o(.text)
    TIM_ARRPreloadConfig                     0x08002545   Thumb Code    24  stm32f10x_tim.o(.text)
    TIM_SelectCOM                            0x0800255d   Thumb Code    24  stm32f10x_tim.o(.text)
    TIM_SelectCCDMA                          0x08002575   Thumb Code    24  stm32f10x_tim.o(.text)
    TIM_CCPreloadControl                     0x0800258d   Thumb Code    24  stm32f10x_tim.o(.text)
    TIM_OC1PreloadConfig                     0x080025a5   Thumb Code    18  stm32f10x_tim.o(.text)
    TIM_OC2PreloadConfig                     0x080025b7   Thumb Code    26  stm32f10x_tim.o(.text)
    TIM_OC3PreloadConfig                     0x080025d1   Thumb Code    18  stm32f10x_tim.o(.text)
    TIM_OC4PreloadConfig                     0x080025e3   Thumb Code    26  stm32f10x_tim.o(.text)
    TIM_OC1FastConfig                        0x080025fd   Thumb Code    18  stm32f10x_tim.o(.text)
    TIM_OC2FastConfig                        0x0800260f   Thumb Code    26  stm32f10x_tim.o(.text)
    TIM_OC3FastConfig                        0x08002629   Thumb Code    18  stm32f10x_tim.o(.text)
    TIM_OC4FastConfig                        0x0800263b   Thumb Code    26  stm32f10x_tim.o(.text)
    TIM_ClearOC1Ref                          0x08002655   Thumb Code    18  stm32f10x_tim.o(.text)
    TIM_ClearOC2Ref                          0x08002667   Thumb Code    24  stm32f10x_tim.o(.text)
    TIM_ClearOC3Ref                          0x0800267f   Thumb Code    18  stm32f10x_tim.o(.text)
    TIM_ClearOC4Ref                          0x08002691   Thumb Code    24  stm32f10x_tim.o(.text)
    TIM_OC1PolarityConfig                    0x080026a9   Thumb Code    18  stm32f10x_tim.o(.text)
    TIM_OC1NPolarityConfig                   0x080026bb   Thumb Code    18  stm32f10x_tim.o(.text)
    TIM_OC2PolarityConfig                    0x080026cd   Thumb Code    26  stm32f10x_tim.o(.text)
    TIM_OC2NPolarityConfig                   0x080026e7   Thumb Code    26  stm32f10x_tim.o(.text)
    TIM_OC3PolarityConfig                    0x08002701   Thumb Code    26  stm32f10x_tim.o(.text)
    TIM_OC3NPolarityConfig                   0x0800271b   Thumb Code    26  stm32f10x_tim.o(.text)
    TIM_OC4PolarityConfig                    0x08002735   Thumb Code    26  stm32f10x_tim.o(.text)
    TIM_CCxCmd                               0x0800274f   Thumb Code    30  stm32f10x_tim.o(.text)
    TIM_CCxNCmd                              0x0800276d   Thumb Code    30  stm32f10x_tim.o(.text)
    TIM_SelectOCxM                           0x0800278b   Thumb Code    82  stm32f10x_tim.o(.text)
    TIM_UpdateDisableConfig                  0x080027dd   Thumb Code    24  stm32f10x_tim.o(.text)
    TIM_UpdateRequestConfig                  0x080027f5   Thumb Code    24  stm32f10x_tim.o(.text)
    TIM_SelectHallSensor                     0x0800280d   Thumb Code    24  stm32f10x_tim.o(.text)
    TIM_SelectOnePulseMode                   0x08002825   Thumb Code    18  stm32f10x_tim.o(.text)
    TIM_SelectOutputTrigger                  0x08002837   Thumb Code    18  stm32f10x_tim.o(.text)
    TIM_SelectSlaveMode                      0x08002849   Thumb Code    18  stm32f10x_tim.o(.text)
    TIM_SelectMasterSlaveMode                0x0800285b   Thumb Code    18  stm32f10x_tim.o(.text)
    TIM_SetCounter                           0x0800286d   Thumb Code     4  stm32f10x_tim.o(.text)
    TIM_SetAutoreload                        0x08002871   Thumb Code     4  stm32f10x_tim.o(.text)
    TIM_SetCompare1                          0x08002875   Thumb Code     4  stm32f10x_tim.o(.text)
    TIM_SetCompare2                          0x08002879   Thumb Code     4  stm32f10x_tim.o(.text)
    TIM_SetCompare3                          0x0800287d   Thumb Code     4  stm32f10x_tim.o(.text)
    TIM_SetCompare4                          0x08002881   Thumb Code     6  stm32f10x_tim.o(.text)
    TIM_SetClockDivision                     0x08002887   Thumb Code    18  stm32f10x_tim.o(.text)
    TIM_GetCapture1                          0x08002899   Thumb Code     6  stm32f10x_tim.o(.text)
    TIM_GetCapture2                          0x0800289f   Thumb Code     6  stm32f10x_tim.o(.text)
    TIM_GetCapture3                          0x080028a5   Thumb Code     6  stm32f10x_tim.o(.text)
    TIM_GetCapture4                          0x080028ab   Thumb Code     8  stm32f10x_tim.o(.text)
    TIM_GetCounter                           0x080028b3   Thumb Code     6  stm32f10x_tim.o(.text)
    TIM_GetPrescaler                         0x080028b9   Thumb Code     6  stm32f10x_tim.o(.text)
    TIM_GetFlagStatus                        0x080028bf   Thumb Code    18  stm32f10x_tim.o(.text)
    TIM_ClearFlag                            0x080028d1   Thumb Code     6  stm32f10x_tim.o(.text)
    TIM_GetITStatus                          0x080028d7   Thumb Code    34  stm32f10x_tim.o(.text)
    TIM_ClearITPendingBit                    0x080028f9   Thumb Code     6  stm32f10x_tim.o(.text)
    EXTI_DeInit                              0x08002901   Thumb Code    28  stm32f10x_exti.o(.text)
    EXTI_Init                                0x0800291d   Thumb Code   142  stm32f10x_exti.o(.text)
    EXTI_StructInit                          0x080029ab   Thumb Code    16  stm32f10x_exti.o(.text)
    EXTI_GenerateSWInterrupt                 0x080029bb   Thumb Code    16  stm32f10x_exti.o(.text)
    EXTI_GetFlagStatus                       0x080029cb   Thumb Code    22  stm32f10x_exti.o(.text)
    EXTI_ClearFlag                           0x080029e1   Thumb Code     8  stm32f10x_exti.o(.text)
    EXTI_GetITStatus                         0x080029e9   Thumb Code    34  stm32f10x_exti.o(.text)
    EXTI_ClearITPendingBit                   0x08002a0b   Thumb Code     8  stm32f10x_exti.o(.text)
    delay_osschedlock                        0x08002a1d   Thumb Code     8  delay.o(.text)
    delay_osschedunlock                      0x08002a25   Thumb Code     8  delay.o(.text)
    delay_ostimedly                          0x08002a2d   Thumb Code    12  delay.o(.text)
    SysTick_Handler                          0x08002a39   Thumb Code    24  delay.o(.text)
    delay_init                               0x08002a51   Thumb Code    76  delay.o(.text)
    delay_us                                 0x08002a9d   Thumb Code    86  delay.o(.text)
    delay_ms                                 0x08002af3   Thumb Code    66  delay.o(.text)
    _sys_exit                                0x08002b4d   Thumb Code     6  usart.o(.text)
    fputc                                    0x08002b53   Thumb Code    24  usart.o(.text)
    uart_init                                0x08002b6b   Thumb Code   152  usart.o(.text)
    USART1_IRQHandler                        0x08002c03   Thumb Code   130  usart.o(.text)
    LED_Init                                 0x08002c95   Thumb Code    68  led.o(.text)
    SPI2_ReadWriteByte                       0x08002ce1   Thumb Code    78  spi.o(.text)
    SPI2_Init                                0x08002d2f   Thumb Code   140  spi.o(.text)
    SPI2_SetSpeed                            0x08002dbb   Thumb Code    36  spi.o(.text)
    ENC28J60_Read_Op                         0x08002de9   Thumb Code    60  enc28j60.o(.text)
    ENC28J60_Write_Op                        0x08002e25   Thumb Code    50  enc28j60.o(.text)
    ENC28J60_Read_Buf                        0x08002e57   Thumb Code    48  enc28j60.o(.text)
    ENC28J60_Write_Buf                       0x08002e87   Thumb Code    42  enc28j60.o(.text)
    ENC28J60_Set_Bank                        0x08002eb1   Thumb Code    48  enc28j60.o(.text)
    ENC28J60_Read                            0x08002ee1   Thumb Code    20  enc28j60.o(.text)
    ENC28J60_Write                           0x08002ef5   Thumb Code    24  enc28j60.o(.text)
    ENC28J60_PHY_Write                       0x08002f0d   Thumb Code    60  enc28j60.o(.text)
    ENC28J60_PHY_Read                        0x08002f49   Thumb Code    94  enc28j60.o(.text)
    ENC28J60_Get_EREVID                      0x08002fa7   Thumb Code    14  enc28j60.o(.text)
    ENC28J60_Get_Duplex                      0x08002fb5   Thumb Code    16  enc28j60.o(.text)
    ENC28J60_Init                            0x08002fc5   Thumb Code   752  enc28j60.o(.text)
    ENC28J60_Packet_Send                     0x080032b5   Thumb Code   158  enc28j60.o(.text)
    ENC28J60_Packet_Receive                  0x08003353   Thumb Code   216  enc28j60.o(.text)
    ENC28J60_ISRHandler                      0x0800342b   Thumb Code   180  enc28j60.o(.text)
    EXTI9_5_IRQHandler                       0x080034df   Thumb Code    32  enc28j60.o(.text)
    FSMC_SRAM_Init                           0x08003565   Thumb Code   182  sram.o(.text)
    FSMC_SRAM_WriteBuffer                    0x0800361b   Thumb Code    24  sram.o(.text)
    FSMC_SRAM_ReadBuffer                     0x08003633   Thumb Code    22  sram.o(.text)
    fsmc_sram_test_write                     0x08003649   Thumb Code    16  sram.o(.text)
    fsmc_sram_test_read                      0x08003659   Thumb Code    20  sram.o(.text)
    TIM3_Int_Init                            0x0800367d   Thumb Code    90  timer.o(.text)
    TIM3_IRQHandler                          0x080036d7   Thumb Code    20  timer.o(.text)
    JTAG_Set                                 0x080036f1   Thumb Code    38  ov2640.o(.text)
    OV2640_Init                              0x08003717   Thumb Code   372  ov2640.o(.text)
    OV2640_JPEG_Mode                         0x0800388b   Thumb Code    66  ov2640.o(.text)
    OV2640_RGB565_Mode                       0x080038cd   Thumb Code    36  ov2640.o(.text)
    OV2640_Auto_Exposure                     0x080038f1   Thumb Code    40  ov2640.o(.text)
    OV2640_Light_Mode                        0x08003919   Thumb Code   118  ov2640.o(.text)
    OV2640_Color_Saturation                  0x0800398f   Thumb Code    64  ov2640.o(.text)
    OV2640_Brightness                        0x080039cf   Thumb Code    56  ov2640.o(.text)
    OV2640_Contrast                          0x08003a07   Thumb Code   116  ov2640.o(.text)
    OV2640_Special_Effects                   0x08003a7b   Thumb Code   210  ov2640.o(.text)
    OV2640_Color_Bar                         0x08003b4d   Thumb Code    40  ov2640.o(.text)
    OV2640_Window_Set                        0x08003b75   Thumb Code   156  ov2640.o(.text)
    OV2640_OutSize_Set                       0x08003c11   Thumb Code   136  ov2640.o(.text)
    OV2640_ImageWin_Set                      0x08003c99   Thumb Code   188  ov2640.o(.text)
    OV2640_ImageSize_Set                     0x08003d55   Thumb Code    80  ov2640.o(.text)
    SCCB_Init                                0x08003da5   Thumb Code   102  sccb.o(.text)
    SCCB_Start                               0x08003e0b   Thumb Code    42  sccb.o(.text)
    SCCB_Stop                                0x08003e35   Thumb Code    42  sccb.o(.text)
    SCCB_No_Ack                              0x08003e5f   Thumb Code    54  sccb.o(.text)
    SCCB_WR_Byte                             0x08003e95   Thumb Code   152  sccb.o(.text)
    SCCB_RD_Byte                             0x08003f2d   Thumb Code   104  sccb.o(.text)
    SCCB_WR_Reg                              0x08003f95   Thumb Code    62  sccb.o(.text)
    SCCB_RD_Reg                              0x08003fd3   Thumb Code    78  sccb.o(.text)
    mymemcpy                                 0x08004039   Thumb Code    26  malloc.o(.text)
    mymemset                                 0x08004053   Thumb Code    20  malloc.o(.text)
    my_mem_init                              0x08004067   Thumb Code    54  malloc.o(.text)
    my_mem_perused                           0x0800409d   Thumb Code    54  malloc.o(.text)
    my_mem_malloc                            0x080040d3   Thumb Code   162  malloc.o(.text)
    my_mem_free                              0x08004175   Thumb Code    94  malloc.o(.text)
    myfree                                   0x080041d3   Thumb Code    32  malloc.o(.text)
    mymalloc                                 0x080041f3   Thumb Code    36  malloc.o(.text)
    myrealloc                                0x08004217   Thumb Code    68  malloc.o(.text)
    lwip_pkt_handle                          0x0800426d   Thumb Code    10  lwip_comm.o(.text)
    lwip_comm_mem_free                       0x08004277   Thumb Code    44  lwip_comm.o(.text)
    lwip_comm_mem_malloc                     0x080042a3   Thumb Code   116  lwip_comm.o(.text)
    lwip_comm_default_ip_set                 0x08004317   Thumb Code   102  lwip_comm.o(.text)
    lwip_comm_dhcp_delete                    0x0800437d   Thumb Code    16  lwip_comm.o(.text)
    lwip_dhcp_task                           0x0800438d   Thumb Code   420  lwip_comm.o(.text)
    lwip_comm_dhcp_creat                     0x08004531   Thumb Code    36  lwip_comm.o(.text)
    lwip_comm_init                           0x08004555   Thumb Code    96  lwip_comm.o(.text)
    ov2640_jpg_photo                         0x080047c1   Thumb Code   134  tcp_server_demo.o(.text)
    itoa                                     0x08004847   Thumb Code    82  tcp_server_demo.o(.text)
    tcp_server_init                          0x08004a6b   Thumb Code    42  tcp_server_demo.o(.text)
    etharp_tmr                               0x08004bed   Thumb Code   144  etharp.o(.text)
    etharp_cleanup_netif                     0x080050cb   Thumb Code    52  etharp.o(.text)
    etharp_find_addr                         0x080050ff   Thumb Code   110  etharp.o(.text)
    etharp_request                           0x080053df   Thumb Code    40  etharp.o(.text)
    etharp_query                             0x08005495   Thumb Code   646  etharp.o(.text)
    etharp_output                            0x0800571b   Thumb Code   392  etharp.o(.text)
    ethernet_input                           0x080058a3   Thumb Code   204  etharp.o(.text)
    ethernetif_input                         0x08005afb   Thumb Code    48  ethernetif.o(.text)
    ethernetif_init                          0x08005b2b   Thumb Code    56  ethernetif.o(.text)
    icmp_input                               0x08005c15   Thumb Code   524  icmp.o(.text)
    icmp_dest_unreach                        0x08005ec1   Thumb Code    18  icmp.o(.text)
    icmp_time_exceeded                       0x08005ed3   Thumb Code    18  icmp.o(.text)
    inet_chksum_pseudo                       0x080060b7   Thumb Code   170  inet_chksum.o(.text)
    inet_chksum_pseudo_partial               0x08006161   Thumb Code   218  inet_chksum.o(.text)
    inet_chksum                              0x0800623b   Thumb Code    20  inet_chksum.o(.text)
    inet_chksum_pbuf                         0x0800624f   Thumb Code    86  inet_chksum.o(.text)
    ip_route                                 0x0800630d   Thumb Code    80  ip.o(.text)
    ip_input                                 0x0800635d   Thumb Code   508  ip.o(.text)
    ip_output_if                             0x08006559   Thumb Code   318  ip.o(.text)
    ip_output                                0x08006697   Thumb Code    84  ip.o(.text)
    ip4_addr_isbroadcast                     0x08006799   Thumb Code    78  ip_addr.o(.text)
    ip4_addr_netmask_valid                   0x080067e7   Thumb Code    56  ip_addr.o(.text)
    ipaddr_aton                              0x0800681f   Thumb Code   364  ip_addr.o(.text)
    ipaddr_addr                              0x0800698b   Thumb Code    24  ip_addr.o(.text)
    ipaddr_ntoa_r                            0x080069a3   Thumb Code   168  ip_addr.o(.text)
    ipaddr_ntoa                              0x08006a4b   Thumb Code    16  ip_addr.o(.text)
    ip_reass_tmr                             0x08006c15   Thumb Code    56  ip_frag.o(.text)
    ip_reass                                 0x08007051   Thumb Code   410  ip_frag.o(.text)
    ip_frag                                  0x08007271   Thumb Code   630  ip_frag.o(.text)
    lwip_htons                               0x080074ed   Thumb Code    12  def.o(.text)
    lwip_ntohs                               0x080074f9   Thumb Code    12  def.o(.text)
    lwip_htonl                               0x08007505   Thumb Code    26  def.o(.text)
    lwip_ntohl                               0x0800751f   Thumb Code    12  def.o(.text)
    dhcp_renew                               0x08007e09   Thumb Code   148  dhcp.o(.text)
    dhcp_coarse_tmr                          0x08007fd1   Thumb Code    74  dhcp.o(.text)
    dhcp_release                             0x080080cd   Thumb Code   176  dhcp.o(.text)
    dhcp_fine_tmr                            0x08008371   Thumb Code   132  dhcp.o(.text)
    dhcp_set_struct                          0x08008465   Thumb Code   106  dhcp.o(.text)
    dhcp_cleanup                             0x080084cf   Thumb Code    48  dhcp.o(.text)
    dhcp_stop                                0x080084ff   Thumb Code   112  dhcp.o(.text)
    dhcp_start                               0x08008bcd   Thumb Code   438  dhcp.o(.text)
    dhcp_inform                              0x08008d83   Thumb Code   210  dhcp.o(.text)
    dhcp_network_changed                     0x08008e55   Thumb Code    80  dhcp.o(.text)
    dhcp_arp_reply                           0x08008f33   Thumb Code    80  dhcp.o(.text)
    lwip_init                                0x08008f91   Thumb Code    32  init.o(.text)
    mem_init                                 0x0800908b   Thumb Code   114  mem.o(.text)
    mem_free                                 0x080090fd   Thumb Code   182  mem.o(.text)
    mem_trim                                 0x080091b3   Thumb Code   338  mem.o(.text)
    mem_malloc                               0x08009305   Thumb Code   796  mem.o(.text)
    mem_calloc                               0x08009621   Thumb Code    34  mem.o(.text)
    memp_get_memorysize                      0x080096f5   Thumb Code     8  memp.o(.text)
    memp_init                                0x080096fd   Thumb Code    86  memp.o(.text)
    memp_malloc                              0x08009753   Thumb Code   104  memp.o(.text)
    memp_free                                0x080097bb   Thumb Code    74  memp.o(.text)
    netif_init                               0x080098c9   Thumb Code     2  netif.o(.text)
    netif_set_gw                             0x080098cb   Thumb Code    16  netif.o(.text)
    netif_set_netmask                        0x080098db   Thumb Code    16  netif.o(.text)
    netif_set_ipaddr                         0x080098eb   Thumb Code   124  netif.o(.text)
    netif_set_addr                           0x08009967   Thumb Code    40  netif.o(.text)
    netif_add                                0x0800998f   Thumb Code   148  netif.o(.text)
    netif_set_default                        0x08009a23   Thumb Code    10  netif.o(.text)
    netif_set_down                           0x08009a2d   Thumb Code    42  netif.o(.text)
    netif_remove                             0x08009a57   Thumb Code    94  netif.o(.text)
    netif_find                               0x08009ab5   Thumb Code    72  netif.o(.text)
    netif_set_up                             0x08009afd   Thumb Code    54  netif.o(.text)
    netif_set_link_up                        0x08009b33   Thumb Code    66  netif.o(.text)
    netif_set_link_down                      0x08009b75   Thumb Code    24  netif.o(.text)
    pbuf_free                                0x08009c89   Thumb Code   272  pbuf.o(.text)
    pbuf_alloc                               0x08009d99   Thumb Code  1148  pbuf.o(.text)
    pbuf_alloced_custom                      0x0800a215   Thumb Code   152  pbuf.o(.text)
    pbuf_realloc                             0x0800a2ad   Thumb Code   268  pbuf.o(.text)
    pbuf_header                              0x0800a3b9   Thumb Code   214  pbuf.o(.text)
    pbuf_clen                                0x0800a48f   Thumb Code    18  pbuf.o(.text)
    pbuf_ref                                 0x0800a4a1   Thumb Code    26  pbuf.o(.text)
    pbuf_cat                                 0x0800a4bb   Thumb Code   138  pbuf.o(.text)
    pbuf_chain                               0x0800a545   Thumb Code    26  pbuf.o(.text)
    pbuf_dechain                             0x0800a55f   Thumb Code   550  pbuf.o(.text)
    pbuf_copy                                0x0800a785   Thumb Code   350  pbuf.o(.text)
    pbuf_copy_partial                        0x0800a8e3   Thumb Code   190  pbuf.o(.text)
    pbuf_take                                0x0800a9a1   Thumb Code   210  pbuf.o(.text)
    pbuf_coalesce                            0x0800aa73   Thumb Code    84  pbuf.o(.text)
    pbuf_get_at                              0x0800aac7   Thumb Code    46  pbuf.o(.text)
    pbuf_memcmp                              0x0800aaf5   Thumb Code    96  pbuf.o(.text)
    pbuf_memfind                             0x0800ab55   Thumb Code   434  pbuf.o(.text)
    pbuf_strstr                              0x0800ad07   Thumb Code    60  pbuf.o(.text)
    raw_input                                0x0800ad45   Thumb Code   102  raw.o(.text)
    raw_bind                                 0x0800adab   Thumb Code    16  raw.o(.text)
    raw_connect                              0x0800adbb   Thumb Code    16  raw.o(.text)
    raw_recv                                 0x0800adcb   Thumb Code     6  raw.o(.text)
    raw_sendto                               0x0800add1   Thumb Code   190  raw.o(.text)
    raw_send                                 0x0800ae8f   Thumb Code    18  raw.o(.text)
    raw_remove                               0x0800aea1   Thumb Code    60  raw.o(.text)
    raw_new                                  0x0800aedd   Thumb Code    46  raw.o(.text)
    tcp_init                                 0x0800af91   Thumb Code     2  tcp.o(.text)
    tcp_seg_free                             0x0800af93   Thumb Code    26  tcp.o(.text)
    tcp_segs_free                            0x0800afad   Thumb Code    24  tcp.o(.text)
    tcp_pcb_purge                            0x0800afc5   Thumb Code   106  tcp.o(.text)
    tcp_slowtmr                              0x0800b02f   Thumb Code  1426  tcp.o(.text)
    tcp_pcb_remove                           0x0800b5c1   Thumb Code   222  tcp.o(.text)
    tcp_close                                0x0800b86b   Thumb Code    28  tcp.o(.text)
    tcp_update_rcv_ann_wnd                   0x0800b887   Thumb Code   394  tcp.o(.text)
    tcp_recved                               0x0800ba11   Thumb Code   136  tcp.o(.text)
    tcp_recv_null                            0x0800ba99   Thumb Code    46  tcp.o(.text)
    tcp_process_refused_data                 0x0800bac7   Thumb Code   152  tcp.o(.text)
    tcp_fasttmr                              0x0800bb5f   Thumb Code   114  tcp.o(.text)
    tcp_tmr                                  0x0800bbd1   Thumb Code    30  tcp.o(.text)
    tcp_shutdown                             0x0800bbef   Thumb Code    98  tcp.o(.text)
    tcp_abandon                              0x0800bc51   Thumb Code   178  tcp.o(.text)
    tcp_abort                                0x0800bd03   Thumb Code    14  tcp.o(.text)
    tcp_bind                                 0x0800bd71   Thumb Code   372  tcp.o(.text)
    tcp_listen_with_backlog                  0x0800beed   Thumb Code   222  tcp.o(.text)
    tcp_eff_send_mss                         0x0800bfcb   Thumb Code    46  tcp.o(.text)
    tcp_next_iss                             0x0800bff9   Thumb Code    20  tcp.o(.text)
    tcp_connect                              0x0800c00d   Thumb Code   352  tcp.o(.text)
    tcp_setprio                              0x0800c16d   Thumb Code     4  tcp.o(.text)
    tcp_seg_copy                             0x0800c171   Thumb Code    38  tcp.o(.text)
    tcp_alloc                                0x0800c21d   Thumb Code   182  tcp.o(.text)
    tcp_new                                  0x0800c2d3   Thumb Code    10  tcp.o(.text)
    tcp_arg                                  0x0800c2dd   Thumb Code   132  tcp.o(.text)
    tcp_recv                                 0x0800c361   Thumb Code    44  tcp.o(.text)
    tcp_sent                                 0x0800c38d   Thumb Code    42  tcp.o(.text)
    tcp_err                                  0x0800c3b7   Thumb Code    44  tcp.o(.text)
    tcp_accept                               0x0800c3e3   Thumb Code     4  tcp.o(.text)
    tcp_poll                                 0x0800c3e7   Thumb Code    48  tcp.o(.text)
    tcp_debug_state_str                      0x0800c417   Thumb Code    10  tcp.o(.text)
    tcp_input                                0x0800dbe1   Thumb Code  1616  tcp_in.o(.text)
    tcp_enqueue_flags                        0x0800e3c5   Thumb Code   418  tcp_out.o(.text)
    tcp_send_fin                             0x0800e567   Thumb Code    74  tcp_out.o(.text)
    tcp_write                                0x0800e84b   Thumb Code  1744  tcp_out.o(.text)
    tcp_send_empty_ack                       0x0800ef1b   Thumb Code   104  tcp_out.o(.text)
    tcp_output                               0x0800f06b   Thumb Code   708  tcp_out.o(.text)
    tcp_rst                                  0x0800f32f   Thumb Code   180  tcp_out.o(.text)
    tcp_rexmit_rto                           0x0800f3e3   Thumb Code    58  tcp_out.o(.text)
    tcp_rexmit                               0x0800f41d   Thumb Code    90  tcp_out.o(.text)
    tcp_rexmit_fast                          0x0800f477   Thumb Code   120  tcp_out.o(.text)
    tcp_keepalive                            0x0800f4ef   Thumb Code   102  tcp_out.o(.text)
    tcp_zero_window_probe                    0x0800f555   Thumb Code   198  tcp_out.o(.text)
    sys_timeout                              0x0800f61d   Thumb Code   174  timers.o(.text)
    tcp_timer_needed                         0x0800f6f3   Thumb Code    38  timers.o(.text)
    sys_timeouts_init                        0x0800f781   Thumb Code    52  timers.o(.text)
    sys_untimeout                            0x0800f7b5   Thumb Code    90  timers.o(.text)
    sys_timeouts_mbox_fetch                  0x0800f80f   Thumb Code   132  timers.o(.text)
    udp_init                                 0x0800f94d   Thumb Code     2  udp.o(.text)
    udp_input                                0x0800f99f   Thumb Code   550  udp.o(.text)
    udp_bind                                 0x0800fbc5   Thumb Code   170  udp.o(.text)
    udp_sendto_if                            0x0800fc6f   Thumb Code   502  udp.o(.text)
    udp_sendto                               0x0800fe65   Thumb Code    54  udp.o(.text)
    udp_send                                 0x0800fe9b   Thumb Code    20  udp.o(.text)
    udp_connect                              0x0800feaf   Thumb Code    98  udp.o(.text)
    udp_disconnect                           0x0800ff11   Thumb Code    16  udp.o(.text)
    udp_recv                                 0x0800ff21   Thumb Code     6  udp.o(.text)
    udp_remove                               0x0800ff27   Thumb Code    60  udp.o(.text)
    udp_new                                  0x0800ff63   Thumb Code    28  udp.o(.text)
    sys_mbox_new                             0x0800ff85   Thumb Code   108  sys_arch.o(.text)
    sys_mbox_free                            0x0800fff1   Thumb Code    56  sys_arch.o(.text)
    sys_mbox_post                            0x08010029   Thumb Code    28  sys_arch.o(.text)
    sys_mbox_trypost                         0x08010045   Thumb Code    32  sys_arch.o(.text)
    sys_arch_mbox_fetch                      0x08010065   Thumb Code   154  sys_arch.o(.text)
    sys_arch_mbox_tryfetch                   0x080100ff   Thumb Code    18  sys_arch.o(.text)
    sys_mbox_valid                           0x08010111   Thumb Code    56  sys_arch.o(.text)
    sys_mbox_set_invalid                     0x08010149   Thumb Code     6  sys_arch.o(.text)
    sys_sem_new                              0x0801014f   Thumb Code    62  sys_arch.o(.text)
    sys_arch_sem_wait                        0x0801018d   Thumb Code    96  sys_arch.o(.text)
    sys_sem_signal                           0x080101ed   Thumb Code    12  sys_arch.o(.text)
    sys_sem_free                             0x080101f9   Thumb Code    52  sys_arch.o(.text)
    sys_sem_valid                            0x0801022d   Thumb Code    22  sys_arch.o(.text)
    sys_sem_set_invalid                      0x08010243   Thumb Code     6  sys_arch.o(.text)
    sys_init                                 0x08010249   Thumb Code     2  sys_arch.o(.text)
    sys_thread_new                           0x0801024b   Thumb Code    66  sys_arch.o(.text)
    sys_msleep                               0x0801028d   Thumb Code    12  sys_arch.o(.text)
    sys_now                                  0x08010299   Thumb Code    26  sys_arch.o(.text)
    netconn_new_with_proto_and_callback      0x08010359   Thumb Code   194  api_lib.o(.text)
    netconn_delete                           0x0801041b   Thumb Code    36  api_lib.o(.text)
    netconn_getaddr                          0x0801043f   Thumb Code   160  api_lib.o(.text)
    netconn_bind                             0x080104df   Thumb Code    98  api_lib.o(.text)
    netconn_connect                          0x08010541   Thumb Code    98  api_lib.o(.text)
    netconn_disconnect                       0x080105a3   Thumb Code    84  api_lib.o(.text)
    netconn_listen_with_backlog              0x080105f7   Thumb Code    86  api_lib.o(.text)
    netconn_accept                           0x0801064d   Thumb Code   808  api_lib.o(.text)
    netconn_recv_tcp_pbuf                    0x08010ae9   Thumb Code    56  api_lib.o(.text)
    netconn_recv                             0x08010b21   Thumb Code   270  api_lib.o(.text)
    netconn_recved                           0x08010c2f   Thumb Code    44  api_lib.o(.text)
    netconn_send                             0x08010c5b   Thumb Code    98  api_lib.o(.text)
    netconn_sendto                           0x08010cbd   Thumb Code    44  api_lib.o(.text)
    netconn_write_partly                     0x08010ce9   Thumb Code   434  api_lib.o(.text)
    netconn_close                            0x08010efb   Thumb Code    14  api_lib.o(.text)
    netconn_shutdown                         0x08010f09   Thumb Code    36  api_lib.o(.text)
    netconn_free                             0x08011915   Thumb Code   328  api_msg.o(.text)
    netconn_alloc                            0x08011a5d   Thumb Code   166  api_msg.o(.text)
    do_newconn                               0x08011c65   Thumb Code    32  api_msg.o(.text)
    do_delconn                               0x08011d51   Thumb Code   636  api_msg.o(.text)
    do_bind                                  0x08011fcd   Thumb Code   116  api_msg.o(.text)
    do_connect                               0x0801210d   Thumb Code   220  api_msg.o(.text)
    do_disconnect                            0x080121e9   Thumb Code    46  api_msg.o(.text)
    do_listen                                0x08012217   Thumb Code   386  api_msg.o(.text)
    do_send                                  0x08012399   Thumb Code   166  api_msg.o(.text)
    do_recv                                  0x0801243f   Thumb Code    72  api_msg.o(.text)
    do_write                                 0x08012487   Thumb Code   166  api_msg.o(.text)
    do_getaddr                               0x0801252d   Thumb Code   198  api_msg.o(.text)
    do_close                                 0x080125f3   Thumb Code   184  api_msg.o(.text)
    netbuf_new                               0x080126dd   Thumb Code    30  netbuf.o(.text)
    netbuf_delete                            0x080126fb   Thumb Code    32  netbuf.o(.text)
    netbuf_alloc                             0x0801271b   Thumb Code   102  netbuf.o(.text)
    netbuf_free                              0x08012781   Thumb Code    48  netbuf.o(.text)
    netbuf_ref                               0x080127b1   Thumb Code    92  netbuf.o(.text)
    netbuf_chain                             0x0801280d   Thumb Code    78  netbuf.o(.text)
    netbuf_data                              0x0801285b   Thumb Code   122  netbuf.o(.text)
    netbuf_next                              0x080128d5   Thumb Code    64  netbuf.o(.text)
    netbuf_first                             0x08012915   Thumb Code    36  netbuf.o(.text)
    tcpip_input                              0x08012b73   Thumb Code    72  tcpip.o(.text)
    tcpip_callback_with_block                0x08012bbb   Thumb Code    90  tcpip.o(.text)
    tcpip_timeout                            0x08012c15   Thumb Code    64  tcpip.o(.text)
    tcpip_untimeout                          0x08012c55   Thumb Code    56  tcpip.o(.text)
    tcpip_apimsg                             0x08012c8d   Thumb Code    60  tcpip.o(.text)
    tcpip_callbackmsg_new                    0x08012cc9   Thumb Code    32  tcpip.o(.text)
    tcpip_callbackmsg_delete                 0x08012ce9   Thumb Code    14  tcpip.o(.text)
    tcpip_trycallback                        0x08012cf7   Thumb Code    28  tcpip.o(.text)
    tcpip_init                               0x08012d13   Thumb Code    72  tcpip.o(.text)
    pbuf_free_callback                       0x08012d69   Thumb Code    16  tcpip.o(.text)
    mem_free_callback                        0x08012d79   Thumb Code    16  tcpip.o(.text)
    OS_StrLen                                0x08012e45   Thumb Code    20  os_core.o(.text)
    OSEventNameGet                           0x08012e59   Thumb Code    98  os_core.o(.text)
    OSEventNameSet                           0x08012ebb   Thumb Code    84  os_core.o(.text)
    OS_TaskStatStkChk                        0x08012f0f   Thumb Code    54  os_core.o(.text)
    OS_TaskStat                              0x08012f45   Thumb Code   116  os_core.o(.text)
    OS_TaskIdle                              0x08012fef   Thumb Code    34  os_core.o(.text)
    OS_MemClr                                0x08013047   Thumb Code    18  os_core.o(.text)
    OSInit                                   0x0801316f   Thumb Code    44  os_core.o(.text)
    OSIntEnter                               0x0801319b   Thumb Code    28  os_core.o(.text)
    OSIntExit                                0x080131d1   Thumb Code   252  os_core.o(.text)
    OSSchedLock                              0x080132cd   Thumb Code    50  os_core.o(.text)
    OS_Sched                                 0x080132ff   Thumb Code    88  os_core.o(.text)
    OSSchedUnlock                            0x08013357   Thumb Code    82  os_core.o(.text)
    OSStart                                  0x080133a9   Thumb Code    48  os_core.o(.text)
    OSStatInit                               0x080133d9   Thumb Code    62  os_core.o(.text)
    OSTimeTick                               0x08013417   Thumb Code   210  os_core.o(.text)
    OSVersion                                0x080134e9   Thumb Code     6  os_core.o(.text)
    OS_Dummy                                 0x080134ef   Thumb Code     2  os_core.o(.text)
    OS_EventTaskRemove                       0x080134f1   Thumb Code    42  os_core.o(.text)
    OS_EventTaskRdy                          0x0801351b   Thumb Code   114  os_core.o(.text)
    OS_EventTaskWait                         0x0801358d   Thumb Code   112  os_core.o(.text)
    OS_EventWaitListInit                     0x080135fd   Thumb Code    28  os_core.o(.text)
    OS_MemCopy                               0x08013619   Thumb Code    20  os_core.o(.text)
    OS_TCBInit                               0x0801362d   Thumb Code   360  os_core.o(.text)
    OSFlagAccept                             0x080137a9   Thumb Code   252  os_flag.o(.text)
    OSFlagCreate                             0x080138a5   Thumb Code    86  os_flag.o(.text)
    OS_FlagUnlink                            0x080138fb   Thumb Code    36  os_flag.o(.text)
    OSFlagDel                                0x08013971   Thumb Code   214  os_flag.o(.text)
    OSFlagNameGet                            0x08013a47   Thumb Code    80  os_flag.o(.text)
    OSFlagNameSet                            0x08013a97   Thumb Code    66  os_flag.o(.text)
    OSFlagPend                               0x08013b71   Thumb Code   614  os_flag.o(.text)
    OSFlagPendGetFlagsRdy                    0x08013dd7   Thumb Code    26  os_flag.o(.text)
    OSFlagPost                               0x08013df1   Thumb Code   312  os_flag.o(.text)
    OSFlagQuery                              0x08013f29   Thumb Code    48  os_flag.o(.text)
    OS_FlagInit                              0x08013f59   Thumb Code    78  os_flag.o(.text)
    OSQAccept                                0x08013fb5   Thumb Code    88  os_q.o(.text)
    OSQCreate                                0x0801400d   Thumb Code   144  os_q.o(.text)
    OSQDel                                   0x0801409d   Thumb Code   244  os_q.o(.text)
    OSQFlush                                 0x08014191   Thumb Code    36  os_q.o(.text)
    OSQPend                                  0x080141b5   Thumb Code   272  os_q.o(.text)
    OSQPendAbort                             0x080142c5   Thumb Code   128  os_q.o(.text)
    OSQPost                                  0x08014345   Thumb Code   114  os_q.o(.text)
    OSQPostFront                             0x080143b7   Thumb Code   140  os_q.o(.text)
    OSQPostOpt                               0x08014443   Thumb Code   182  os_q.o(.text)
    OSQQuery                                 0x080144f9   Thumb Code    98  os_q.o(.text)
    OS_QInit                                 0x0801455b   Thumb Code    72  os_q.o(.text)
    OSSemAccept                              0x080145ad   Thumb Code    42  os_sem.o(.text)
    OSSemCreate                              0x080145d7   Thumb Code    72  os_sem.o(.text)
    OSSemDel                                 0x0801461f   Thumb Code   210  os_sem.o(.text)
    OSSemPend                                0x080146f1   Thumb Code   222  os_sem.o(.text)
    OSSemPendAbort                           0x080147cf   Thumb Code   128  os_sem.o(.text)
    OSSemPost                                0x0801484f   Thumb Code    88  os_sem.o(.text)
    OSSemQuery                               0x080148a7   Thumb Code    76  os_sem.o(.text)
    OSSemSet                                 0x080148f3   Thumb Code    66  os_sem.o(.text)
    OSTaskChangePrio                         0x08014949   Thumb Code   308  os_task.o(.text)
    OSTaskCreate                             0x08014a7d   Thumb Code   148  os_task.o(.text)
    OS_TaskStkClr                            0x08014b11   Thumb Code    26  os_task.o(.text)
    OSTaskCreateExt                          0x08014b2b   Thumb Code   170  os_task.o(.text)
    OSTaskDel                                0x08014bd5   Thumb Code   294  os_task.o(.text)
    OSTaskDelReq                             0x08014cfb   Thumb Code   144  os_task.o(.text)
    OSTaskNameGet                            0x08014d8b   Thumb Code   114  os_task.o(.text)
    OSTaskNameSet                            0x08014dfd   Thumb Code    98  os_task.o(.text)
    OSTaskResume                             0x08014e5f   Thumb Code   154  os_task.o(.text)
    OSTaskStkChk                             0x08014ef9   Thumb Code   132  os_task.o(.text)
    OSTaskSuspend                            0x08014f7d   Thumb Code   152  os_task.o(.text)
    OSTaskQuery                              0x08015015   Thumb Code    82  os_task.o(.text)
    OSTaskRegGet                             0x08015067   Thumb Code    60  os_task.o(.text)
    OSTaskRegSet                             0x080150a3   Thumb Code    62  os_task.o(.text)
    OS_TaskReturn                            0x080150e1   Thumb Code    18  os_task.o(.text)
    OSTimeDly                                0x0801510d   Thumb Code   100  os_time.o(.text)
    OSTimeDlyHMSM                            0x08015171   Thumb Code    86  os_time.o(.text)
    OSTimeDlyResume                          0x080151c7   Thumb Code   168  os_time.o(.text)
    OSTimeGet                                0x0801526f   Thumb Code    24  os_time.o(.text)
    OSTimeSet                                0x08015287   Thumb Code    24  os_time.o(.text)
    OS_CPU_SR_Save                           0x080152bd   Thumb Code     0  os_cpu_a.o(.text)
    OS_CPU_SR_Restore                        0x080152c5   Thumb Code     0  os_cpu_a.o(.text)
    OSStartHighRdy                           0x080152cb   Thumb Code     0  os_cpu_a.o(.text)
    OSCtxSw                                  0x080152ed   Thumb Code     0  os_cpu_a.o(.text)
    OSIntCtxSw                               0x080152fb   Thumb Code     0  os_cpu_a.o(.text)
    PendSV_Handler                           0x0801530b   Thumb Code     0  os_cpu_a.o(.text)
    OSInitHookBegin                          0x08015371   Thumb Code     2  os_cpu_c.o(.text)
    OSInitHookEnd                            0x08015373   Thumb Code     2  os_cpu_c.o(.text)
    OSTaskCreateHook                         0x08015375   Thumb Code     2  os_cpu_c.o(.text)
    OSTaskDelHook                            0x08015377   Thumb Code     2  os_cpu_c.o(.text)
    OSTaskIdleHook                           0x08015379   Thumb Code     2  os_cpu_c.o(.text)
    OSTaskStatHook                           0x0801537b   Thumb Code     2  os_cpu_c.o(.text)
    OSTaskStkInit                            0x0801537d   Thumb Code   154  os_cpu_c.o(.text)
    OSTaskSwHook                             0x08015417   Thumb Code     2  os_cpu_c.o(.text)
    OSTCBInitHook                            0x08015419   Thumb Code     2  os_cpu_c.o(.text)
    OSTimeTickHook                           0x0801541b   Thumb Code     2  os_cpu_c.o(.text)
    OSTaskReturnHook                         0x0801541d   Thumb Code     2  os_cpu_c.o(.text)
    __use_no_semihosting                     0x0801541f   Thumb Code     2  use_no_semi_2.o(.text)
    __rt_ctype_table                         0x08015421   Thumb Code    16  rt_ctype_table.o(.text)
    __2printf                                0x08015431   Thumb Code    20  noretval__2printf.o(.text)
    __printf                                 0x08015449   Thumb Code   104  __printf.o(.text)
    _printf_str                              0x080154b1   Thumb Code    82  _printf_str.o(.text)
    _printf_int_dec                          0x08015505   Thumb Code   104  _printf_dec.o(.text)
    memcmp                                   0x0801557d   Thumb Code    88  memcmp.o(.text)
    strlen                                   0x080155d5   Thumb Code    62  strlen.o(.text)
    __aeabi_memcpy                           0x08015613   Thumb Code     0  rt_memcpy_v6.o(.text)
    __rt_memcpy                              0x08015613   Thumb Code   138  rt_memcpy_v6.o(.text)
    _memcpy_lastbytes                        0x08015679   Thumb Code     0  rt_memcpy_v6.o(.text)
    __aeabi_memcpy4                          0x0801569d   Thumb Code     0  rt_memcpy_w.o(.text)
    __aeabi_memcpy8                          0x0801569d   Thumb Code     0  rt_memcpy_w.o(.text)
    __rt_memcpy_w                            0x0801569d   Thumb Code   100  rt_memcpy_w.o(.text)
    _memcpy_lastbytes_aligned                0x080156e5   Thumb Code     0  rt_memcpy_w.o(.text)
    __aeabi_memclr                           0x08015701   Thumb Code     0  rt_memclr.o(.text)
    __rt_memclr                              0x08015701   Thumb Code    68  rt_memclr.o(.text)
    _memset                                  0x08015705   Thumb Code     0  rt_memclr.o(.text)
    __aeabi_memclr4                          0x08015745   Thumb Code     0  rt_memclr_w.o(.text)
    __aeabi_memclr8                          0x08015745   Thumb Code     0  rt_memclr_w.o(.text)
    __rt_memclr_w                            0x08015745   Thumb Code    78  rt_memclr_w.o(.text)
    _memset_w                                0x08015749   Thumb Code     0  rt_memclr_w.o(.text)
    strcmp                                   0x08015795   Thumb Code   128  strcmpv7m.o(.text)
    __use_two_region_memory                  0x08015815   Thumb Code     2  heapauxi.o(.text)
    __rt_heap_escrow$2region                 0x08015817   Thumb Code     2  heapauxi.o(.text)
    __rt_heap_expand$2region                 0x08015819   Thumb Code     2  heapauxi.o(.text)
    __I$use$semihosting                      0x0801581b   Thumb Code     0  use_no_semi.o(.text)
    __use_no_semihosting_swi                 0x0801581b   Thumb Code     2  use_no_semi.o(.text)
    __rt_locale                              0x0801581d   Thumb Code     8  rt_locale_intlibspace.o(.text)
    _printf_int_common                       0x08015825   Thumb Code   178  _printf_intcommon.o(.text)
    _printf_cs_common                        0x080158d7   Thumb Code    20  _printf_char.o(.text)
    _printf_char                             0x080158eb   Thumb Code    16  _printf_char.o(.text)
    _printf_string                           0x080158fb   Thumb Code     8  _printf_char.o(.text)
    _printf_char_file                        0x08015905   Thumb Code    32  _printf_char_file.o(.text)
    __user_libspace                          0x08015929   Thumb Code     8  libspace.o(.text)
    __user_perproc_libspace                  0x08015929   Thumb Code     0  libspace.o(.text)
    __user_perthread_libspace                0x08015929   Thumb Code     0  libspace.o(.text)
    _printf_char_common                      0x0801593b   Thumb Code    32  _printf_char_common.o(.text)
    ferror                                   0x08015961   Thumb Code     8  ferror.o(.text)
    __user_setup_stackheap                   0x08015969   Thumb Code    74  sys_stackheap_outer.o(.text)
    exit                                     0x080159b3   Thumb Code    18  exit.o(.text)
    _get_lc_ctype                            0x080159c5   Thumb Code    44  lc_ctype_c.o(locale$$code)
    ov2640_uxga_init_reg_tbl                 0x080159f0   Data         356  ov2640.o(.constdata)
    ov2640_svga_init_reg_tbl                 0x08015b54   Data         354  ov2640.o(.constdata)
    ov2640_yuv422_reg_tbl                    0x08015cb6   Data          16  ov2640.o(.constdata)
    ov2640_jpeg_reg_tbl                      0x08015cc6   Data          14  ov2640.o(.constdata)
    ov2640_rgb565_reg_tbl                    0x08015cd4   Data          28  ov2640.o(.constdata)
    memtblsize                               0x08015d18   Data           8  malloc.o(.constdata)
    memblksize                               0x08015d20   Data           8  malloc.o(.constdata)
    memsize                                  0x08015d28   Data           8  malloc.o(.constdata)
    ethbroadcast                             0x08015d30   Data           6  etharp.o(.constdata)
    ethzero                                  0x08015d36   Data           6  etharp.o(.constdata)
    ip_addr_any                              0x08015d3c   Data           4  ip_addr.o(.constdata)
    ip_addr_broadcast                        0x08015d40   Data           4  ip_addr.o(.constdata)
    tcp_state_str                            0x08015d7c   Data          44  tcp.o(.constdata)
    tcp_backoff                              0x08015da8   Data          13  tcp.o(.constdata)
    tcp_persist_backoff                      0x08015db5   Data           7  tcp.o(.constdata)
    tcp_pcb_lists                            0x08015dbc   Data          16  tcp.o(.constdata)
    pvNullPointer                            0x08015dcc   Data           4  sys_arch.o(.constdata)
    OSUnMapTbl                               0x08015dd0   Data         256  os_core.o(.constdata)
    Region$$Table$$Base                      0x08016108   Number         0  anon$$obj.o(Region$$Table)
    Region$$Table$$Limit                     0x08016128   Number         0  anon$$obj.o(Region$$Table)
    __ctype                                  0x08016135   Data           0  lc_ctype_c.o(locale$$data)
    SystemCoreClock                          0x20000000   Data           4  system_stm32f10x.o(.data)
    AHBPrescTable                            0x20000004   Data          16  system_stm32f10x.o(.data)
    __stdout                                 0x2000002c   Data           4  usart.o(.data)
    USART_RX_STA                             0x20000030   Data           2  usart.o(.data)
    mallco_dev                               0x20000034   Data          28  malloc.o(.data)
    LWIP_DHCP_TASK_STK                       0x20000050   Data           4  lwip_comm.o(.data)
    TCPIP_THREAD_TASK_STK                    0x20000054   Data           4  lwip_comm.o(.data)
    dm9000input                              0x20000058   Data           4  lwip_comm.o(.data)
    dm9000lock                               0x2000005c   Data           4  lwip_comm.o(.data)
    fbLen                                    0x20000060   Data           4  tcp_server_demo.o(.data)
    tcp_server_flag                          0x20000064   Data           1  tcp_server_demo.o(.data)
    current_netif                            0x20000070   Data           4  ip.o(.data)
    current_header                           0x20000074   Data           4  ip.o(.data)
    current_iphdr_src                        0x20000078   Data           4  ip.o(.data)
    current_iphdr_dest                       0x2000007c   Data           4  ip.o(.data)
    ram_heap                                 0x20000090   Data           4  mem.o(.data)
    memp_memory                              0x200000dc   Data           4  memp.o(.data)
    netif_list                               0x200000e0   Data           4  netif.o(.data)
    netif_default                            0x200000e4   Data           4  netif.o(.data)
    pbuf_free_ooseq_pending                  0x200000e9   Data           1  pbuf.o(.data)
    tcp_ticks                                0x200000f4   Data           4  tcp.o(.data)
    tcp_bound_pcbs                           0x200000f8   Data           4  tcp.o(.data)
    tcp_listen_pcbs                          0x200000fc   Data           4  tcp.o(.data)
    tcp_active_pcbs                          0x20000100   Data           4  tcp.o(.data)
    tcp_tw_pcbs                              0x20000104   Data           4  tcp.o(.data)
    tcp_tmp_pcb                              0x20000108   Data           4  tcp.o(.data)
    tcp_active_pcbs_changed                  0x2000010c   Data           1  tcp.o(.data)
    tcp_input_pcb                            0x20000130   Data           4  tcp_in.o(.data)
    udp_pcbs                                 0x20000140   Data           4  udp.o(.data)
    OSCtxSwCtr                               0x20000150   Data           4  os_core.o(.data)
    OSEventFreeList                          0x20000154   Data           4  os_core.o(.data)
    OSFlagFreeList                           0x20000158   Data           4  os_core.o(.data)
    OSCPUUsage                               0x2000015c   Data           1  os_core.o(.data)
    OSIdleCtrMax                             0x20000160   Data           4  os_core.o(.data)
    OSIdleCtrRun                             0x20000164   Data           4  os_core.o(.data)
    OSStatRdy                                0x20000168   Data           1  os_core.o(.data)
    OSIntNesting                             0x20000169   Data           1  os_core.o(.data)
    OSLockNesting                            0x2000016a   Data           1  os_core.o(.data)
    OSPrioCur                                0x2000016b   Data           1  os_core.o(.data)
    OSPrioHighRdy                            0x2000016c   Data           1  os_core.o(.data)
    OSRdyGrp                                 0x2000016d   Data           1  os_core.o(.data)
    OSRdyTbl                                 0x2000016e   Data           8  os_core.o(.data)
    OSRunning                                0x20000176   Data           1  os_core.o(.data)
    OSTaskCtr                                0x20000177   Data           1  os_core.o(.data)
    OSIdleCtr                                0x20000178   Data           4  os_core.o(.data)
    OSTCBCur                                 0x2000017c   Data           4  os_core.o(.data)
    OSTCBFreeList                            0x20000180   Data           4  os_core.o(.data)
    OSTCBHighRdy                             0x20000184   Data           4  os_core.o(.data)
    OSTCBList                                0x20000188   Data           4  os_core.o(.data)
    OSTickStepState                          0x2000018c   Data           1  os_core.o(.data)
    OSQFreeList                              0x20000190   Data           4  os_core.o(.data)
    OSTime                                   0x20000194   Data           4  os_core.o(.data)
    LED_TASK_STK                             0x20000198   Data         256  ucostask.o(.bss)
    START_TASK_STK                           0x20000298   Data         512  ucostask.o(.bss)
    USART_RX_BUF                             0x20000498   Data         200  usart.o(.bss)
    enc28j60_dev                             0x20000560   Data          16  enc28j60.o(.bss)
    mem1base                                 0x20000570   Data       40960  malloc.o(.bss)
    mem1mapbase                              0x2000a570   Data        2560  malloc.o(.bss)
    lwipdev                                  0x2000af70   Data          23  lwip_comm.o(.bss)
    lwip_netif                               0x2000af88   Data          52  lwip_comm.o(.bss)
    FrameBuffer                              0x2000afbc   Data       13312  tcp_server_demo.o(.bss)
    tcp_server_recvbuf                       0x2000e3bc   Data          10  tcp_server_demo.o(.bss)
    TCPSERVER_TASK_STK                       0x2000e3c8   Data        1200  tcp_server_demo.o(.bss)
    dhcp_rx_options_val                      0x2000e950   Data          40  dhcp.o(.bss)
    dhcp_rx_options_given                    0x2000e978   Data          10  dhcp.o(.bss)
    OSEventTbl                               0x2000e9d0   Data         360  os_core.o(.bss)
    OSFlagTbl                                0x2000eb38   Data          80  os_core.o(.bss)
    OSTaskStatStk                            0x2000eb88   Data         256  os_core.o(.bss)
    OSTaskIdleStk                            0x2000ec88   Data         256  os_core.o(.bss)
    OSTCBPrioTbl                             0x2000ed88   Data         256  os_core.o(.bss)
    OSTCBTbl                                 0x2000ee88   Data        1848  os_core.o(.bss)
    OSQTbl                                   0x2000f5c0   Data         120  os_core.o(.bss)
    __libspace_start                         0x2000f638   Data          96  libspace.o(.bss)
    __temporary_stack_top$libspace           0x2000f698   Data           0  libspace.o(.bss)
    mem2base                                 0x68000000   Data       196608  malloc.o(.ARM.__AT_0x68000000)
    mem2mapbase                              0x68030000   Data       12288  malloc.o(.ARM.__AT_0x68030000)



==============================================================================

Memory Map of the image

  Image Entry point : 0x08000131

  Load Region LR_IROM1 (Base: 0x08000000, Size: 0x000163d0, Max: 0x00080000, ABSOLUTE, COMPRESSED[0x000162a4])

    Execution Region ER_IROM1 (Base: 0x08000000, Size: 0x00016238, Max: 0x00080000, ABSOLUTE)

    Base Addr    Size         Type   Attr      Idx    E Section Name        Object

    0x08000000   0x00000130   Data   RO           10    RESET               startup_stm32f10x_hd.o
    0x08000130   0x00000008   Code   RO          174  * !!!main             c_w.l(__main.o)
    0x08000138   0x00000034   Code   RO          321    !!!scatter          c_w.l(__scatter.o)
    0x0800016c   0x0000005a   Code   RO          320    !!dczerorl2         c_w.l(__dczerorl2.o)
    0x080001c6   0x00000002   PAD
    0x080001c8   0x0000001c   Code   RO          322    !!handler_zi        c_w.l(__scatter_zi.o)
    0x080001e4   0x00000000   Code   RO          165    .ARM.Collect$$_printf_percent$$00000000  c_w.l(_printf_percent.o)
    0x080001e4   0x00000006   Code   RO          164    .ARM.Collect$$_printf_percent$$00000009  c_w.l(_printf_d.o)
    0x080001ea   0x00000006   Code   RO          162    .ARM.Collect$$_printf_percent$$00000014  c_w.l(_printf_s.o)
    0x080001f0   0x00000004   Code   RO          189    .ARM.Collect$$_printf_percent$$00000017  c_w.l(_printf_percent_end.o)
    0x080001f4   0x00000002   Code   RO          267    .ARM.Collect$$libinit$$00000000  c_w.l(libinit.o)
    0x080001f6   0x00000000   Code   RO          216    .ARM.Collect$$libinit$$00000002  c_w.l(libinit2.o)
    0x080001f6   0x00000000   Code   RO          218    .ARM.Collect$$libinit$$00000004  c_w.l(libinit2.o)
    0x080001f6   0x00000000   Code   RO          221    .ARM.Collect$$libinit$$0000000A  c_w.l(libinit2.o)
    0x080001f6   0x00000000   Code   RO          223    .ARM.Collect$$libinit$$0000000C  c_w.l(libinit2.o)
    0x080001f6   0x00000000   Code   RO          225    .ARM.Collect$$libinit$$0000000E  c_w.l(libinit2.o)
    0x080001f6   0x00000006   Code   RO          226    .ARM.Collect$$libinit$$0000000F  c_w.l(libinit2.o)
    0x080001fc   0x00000000   Code   RO          228    .ARM.Collect$$libinit$$00000011  c_w.l(libinit2.o)
    0x080001fc   0x0000000c   Code   RO          229    .ARM.Collect$$libinit$$00000012  c_w.l(libinit2.o)
    0x08000208   0x00000000   Code   RO          230    .ARM.Collect$$libinit$$00000013  c_w.l(libinit2.o)
    0x08000208   0x00000000   Code   RO          232    .ARM.Collect$$libinit$$00000015  c_w.l(libinit2.o)
    0x08000208   0x00000000   Code   RO          234    .ARM.Collect$$libinit$$00000017  c_w.l(libinit2.o)
    0x08000208   0x00000000   Code   RO          236    .ARM.Collect$$libinit$$00000019  c_w.l(libinit2.o)
    0x08000208   0x00000000   Code   RO          238    .ARM.Collect$$libinit$$0000001B  c_w.l(libinit2.o)
    0x08000208   0x00000000   Code   RO          240    .ARM.Collect$$libinit$$0000001D  c_w.l(libinit2.o)
    0x08000208   0x00000000   Code   RO          242    .ARM.Collect$$libinit$$0000001F  c_w.l(libinit2.o)
    0x08000208   0x00000000   Code   RO          244    .ARM.Collect$$libinit$$00000021  c_w.l(libinit2.o)
    0x08000208   0x00000000   Code   RO          246    .ARM.Collect$$libinit$$00000023  c_w.l(libinit2.o)
    0x08000208   0x00000000   Code   RO          248    .ARM.Collect$$libinit$$00000025  c_w.l(libinit2.o)
    0x08000208   0x00000000   Code   RO          252    .ARM.Collect$$libinit$$0000002C  c_w.l(libinit2.o)
    0x08000208   0x00000000   Code   RO          254    .ARM.Collect$$libinit$$0000002E  c_w.l(libinit2.o)
    0x08000208   0x00000000   Code   RO          256    .ARM.Collect$$libinit$$00000030  c_w.l(libinit2.o)
    0x08000208   0x00000000   Code   RO          258    .ARM.Collect$$libinit$$00000032  c_w.l(libinit2.o)
    0x08000208   0x00000002   Code   RO          259    .ARM.Collect$$libinit$$00000033  c_w.l(libinit2.o)
    0x0800020a   0x00000002   Code   RO          289    .ARM.Collect$$libshutdown$$00000000  c_w.l(libshutdown.o)
    0x0800020c   0x00000000   Code   RO          293    .ARM.Collect$$libshutdown$$00000002  c_w.l(libshutdown2.o)
    0x0800020c   0x00000000   Code   RO          295    .ARM.Collect$$libshutdown$$00000004  c_w.l(libshutdown2.o)
    0x0800020c   0x00000000   Code   RO          298    .ARM.Collect$$libshutdown$$00000007  c_w.l(libshutdown2.o)
    0x0800020c   0x00000000   Code   RO          301    .ARM.Collect$$libshutdown$$0000000A  c_w.l(libshutdown2.o)
    0x0800020c   0x00000000   Code   RO          303    .ARM.Collect$$libshutdown$$0000000C  c_w.l(libshutdown2.o)
    0x0800020c   0x00000000   Code   RO          306    .ARM.Collect$$libshutdown$$0000000F  c_w.l(libshutdown2.o)
    0x0800020c   0x00000002   Code   RO          307    .ARM.Collect$$libshutdown$$00000010  c_w.l(libshutdown2.o)
    0x0800020e   0x00000000   Code   RO          182    .ARM.Collect$$rtentry$$00000000  c_w.l(__rtentry.o)
    0x0800020e   0x00000000   Code   RO          198    .ARM.Collect$$rtentry$$00000002  c_w.l(__rtentry2.o)
    0x0800020e   0x00000006   Code   RO          210    .ARM.Collect$$rtentry$$00000004  c_w.l(__rtentry4.o)
    0x08000214   0x00000000   Code   RO          200    .ARM.Collect$$rtentry$$00000009  c_w.l(__rtentry2.o)
    0x08000214   0x00000004   Code   RO          201    .ARM.Collect$$rtentry$$0000000A  c_w.l(__rtentry2.o)
    0x08000218   0x00000000   Code   RO          203    .ARM.Collect$$rtentry$$0000000C  c_w.l(__rtentry2.o)
    0x08000218   0x00000008   Code   RO          204    .ARM.Collect$$rtentry$$0000000D  c_w.l(__rtentry2.o)
    0x08000220   0x00000002   Code   RO          269    .ARM.Collect$$rtexit$$00000000  c_w.l(rtexit.o)
    0x08000222   0x00000000   Code   RO          275    .ARM.Collect$$rtexit$$00000002  c_w.l(rtexit2.o)
    0x08000222   0x00000004   Code   RO          276    .ARM.Collect$$rtexit$$00000003  c_w.l(rtexit2.o)
    0x08000226   0x00000006   Code   RO          277    .ARM.Collect$$rtexit$$00000004  c_w.l(rtexit2.o)
    0x0800022c   0x000000e8   Code   RO            1    .text               main.o
    0x08000314   0x00000016   Code   RO            2    .text               stm32f10x_it.o
    0x0800032a   0x00000002   PAD
    0x0800032c   0x000001e0   Code   RO            3    .text               system_stm32f10x.o
    0x0800050c   0x0000009c   Code   RO            5    .text               ucostask.o
    0x080005a8   0x00000040   Code   RO           11    .text               startup_stm32f10x_hd.o
    0x080005e8   0x000000dc   Code   RO           12    .text               misc.o
    0x080006c4   0x000003a4   Code   RO           13    .text               stm32f10x_rcc.o
    0x08000a68   0x0000030c   Code   RO           15    .text               stm32f10x_spi.o
    0x08000d74   0x00000408   Code   RO           16    .text               stm32f10x_usart.o
    0x0800117c   0x0000035c   Code   RO           17    .text               stm32f10x_gpio.o
    0x080014d8   0x0000060c   Code   RO           18    .text               stm32f10x_fsmc.o
    0x08001ae4   0x00000e1a   Code   RO           19    .text               stm32f10x_tim.o
    0x080028fe   0x00000002   PAD
    0x08002900   0x0000011c   Code   RO           20    .text               stm32f10x_exti.o
    0x08002a1c   0x00000130   Code   RO           21    .text               delay.o
    0x08002b4c   0x00000148   Code   RO           25    .text               usart.o
    0x08002c94   0x0000004c   Code   RO           28    .text               led.o
    0x08002ce0   0x00000108   Code   RO           35    .text               spi.o
    0x08002de8   0x0000077c   Code   RO           36    .text               enc28j60.o
    0x08003564   0x00000118   Code   RO           38    .text               sram.o
    0x0800367c   0x00000074   Code   RO           39    .text               timer.o
    0x080036f0   0x000006b4   Code   RO           40    .text               ov2640.o
    0x08003da4   0x00000294   Code   RO           42    .text               sccb.o
    0x08004038   0x00000234   Code   RO           43    .text               malloc.o
    0x0800426c   0x00000554   Code   RO           49    .text               lwip_comm.o
    0x080047c0   0x000003bc   Code   RO           52    .text               tcp_server_demo.o
    0x08004b7c   0x00000e84   Code   RO           55    .text               etharp.o
    0x08005a00   0x00000214   Code   RO           60    .text               ethernetif.o
    0x08005c14   0x00000444   Code   RO           61    .text               icmp.o
    0x08006058   0x000002b4   Code   RO           62    .text               inet_chksum.o
    0x0800630c   0x0000048c   Code   RO           63    .text               ip.o
    0x08006798   0x0000032c   Code   RO           65    .text               ip_addr.o
    0x08006ac4   0x00000a28   Code   RO           68    .text               ip_frag.o
    0x080074ec   0x0000003e   Code   RO           70    .text               def.o
    0x0800752a   0x00000002   PAD
    0x0800752c   0x00001a64   Code   RO           71    .text               dhcp.o
    0x08008f90   0x00000020   Code   RO           75    .text               init.o
    0x08008fb0   0x00000744   Code   RO           76    .text               mem.o
    0x080096f4   0x000001d4   Code   RO           78    .text               memp.o
    0x080098c8   0x00000340   Code   RO           83    .text               netif.o
    0x08009c08   0x0000113a   Code   RO           85    .text               pbuf.o
    0x0800ad42   0x00000002   PAD
    0x0800ad44   0x0000024c   Code   RO           87    .text               raw.o
    0x0800af90   0x00001530   Code   RO           89    .text               tcp.o
    0x0800c4c0   0x00001db8   Code   RO           93    .text               tcp_in.o
    0x0800e278   0x000013a2   Code   RO           96    .text               tcp_out.o
    0x0800f61a   0x00000002   PAD
    0x0800f61c   0x00000330   Code   RO           98    .text               timers.o
    0x0800f94c   0x00000638   Code   RO          100    .text               udp.o
    0x0800ff84   0x000003d4   Code   RO          102    .text               sys_arch.o
    0x08010358   0x00000bf8   Code   RO          104    .text               api_lib.o
    0x08010f50   0x0000178c   Code   RO          105    .text               api_msg.o
    0x080126dc   0x000003b0   Code   RO          109    .text               netbuf.o
    0x08012a8c   0x000003b8   Code   RO          110    .text               tcpip.o
    0x08012e44   0x00000964   Code   RO          112    .text               os_core.o
    0x080137a8   0x0000080c   Code   RO          116    .text               os_flag.o
    0x08013fb4   0x000005f8   Code   RO          119    .text               os_q.o
    0x080145ac   0x0000039c   Code   RO          120    .text               os_sem.o
    0x08014948   0x000007c4   Code   RO          121    .text               os_task.o
    0x0801510c   0x000001b0   Code   RO          122    .text               os_time.o
    0x080152bc   0x000000b4   Code   RO          123    .text               os_cpu_a.o
    0x08015370   0x000000ae   Code   RO          124    .text               os_cpu_c.o
    0x0801541e   0x00000002   Code   RO          128    .text               c_w.l(use_no_semi_2.o)
    0x08015420   0x00000010   Code   RO          129    .text               c_w.l(rt_ctype_table.o)
    0x08015430   0x00000018   Code   RO          131    .text               c_w.l(noretval__2printf.o)
    0x08015448   0x00000068   Code   RO          132    .text               c_w.l(__printf.o)
    0x080154b0   0x00000052   Code   RO          133    .text               c_w.l(_printf_str.o)
    0x08015502   0x00000002   PAD
    0x08015504   0x00000078   Code   RO          134    .text               c_w.l(_printf_dec.o)
    0x0801557c   0x00000058   Code   RO          166    .text               c_w.l(memcmp.o)
    0x080155d4   0x0000003e   Code   RO          167    .text               c_w.l(strlen.o)
    0x08015612   0x0000008a   Code   RO          168    .text               c_w.l(rt_memcpy_v6.o)
    0x0801569c   0x00000064   Code   RO          169    .text               c_w.l(rt_memcpy_w.o)
    0x08015700   0x00000044   Code   RO          170    .text               c_w.l(rt_memclr.o)
    0x08015744   0x0000004e   Code   RO          171    .text               c_w.l(rt_memclr_w.o)
    0x08015792   0x00000002   PAD
    0x08015794   0x00000080   Code   RO          172    .text               c_w.l(strcmpv7m.o)
    0x08015814   0x00000006   Code   RO          173    .text               c_w.l(heapauxi.o)
    0x0801581a   0x00000002   Code   RO          181    .text               c_w.l(use_no_semi.o)
    0x0801581c   0x00000008   Code   RO          185    .text               c_w.l(rt_locale_intlibspace.o)
    0x08015824   0x000000b2   Code   RO          186    .text               c_w.l(_printf_intcommon.o)
    0x080158d6   0x0000002c   Code   RO          187    .text               c_w.l(_printf_char.o)
    0x08015902   0x00000002   PAD
    0x08015904   0x00000024   Code   RO          188    .text               c_w.l(_printf_char_file.o)
    0x08015928   0x00000008   Code   RO          195    .text               c_w.l(libspace.o)
    0x08015930   0x00000030   Code   RO          212    .text               c_w.l(_printf_char_common.o)
    0x08015960   0x00000008   Code   RO          213    .text               c_w.l(ferror.o)
    0x08015968   0x0000004a   Code   RO          260    .text               c_w.l(sys_stackheap_outer.o)
    0x080159b2   0x00000012   Code   RO          262    .text               c_w.l(exit.o)
    0x080159c4   0x0000002c   Code   RO          191    locale$$code        c_w.l(lc_ctype_c.o)
    0x080159f0   0x00000328   Data   RO           41    .constdata          ov2640.o
    0x08015d18   0x00000018   Data   RO           47    .constdata          malloc.o
    0x08015d30   0x0000000c   Data   RO           57    .constdata          etharp.o
    0x08015d3c   0x00000008   Data   RO           67    .constdata          ip_addr.o
    0x08015d44   0x00000038   Data   RO           80    .constdata          memp.o
    0x08015d7c   0x00000050   Data   RO           90    .constdata          tcp.o
    0x08015dcc   0x00000004   Data   RO          103    .constdata          sys_arch.o
    0x08015dd0   0x00000100   Data   RO          114    .constdata          os_core.o
    0x08015ed0   0x00000044   Data   RO           58    .conststring        etharp.o
    0x08015f14   0x0000008c   Data   RO           73    .conststring        dhcp.o
    0x08015fa0   0x000000a0   Data   RO           81    .conststring        memp.o
    0x08016040   0x0000006d   Data   RO           91    .conststring        tcp.o
    0x080160ad   0x00000003   PAD
    0x080160b0   0x00000055   Data   RO           97    .conststring        tcp_out.o
    0x08016105   0x00000003   PAD
    0x08016108   0x00000020   Data   RO          318    Region$$Table       anon$$obj.o
    0x08016128   0x00000110   Data   RO          190    locale$$data        c_w.l(lc_ctype_c.o)


    Execution Region RW_IRAM1 (Base: 0x20000000, Size: 0x0000fc98, Max: 0x00010000, ABSOLUTE, COMPRESSED[0x0000006c])

    Base Addr    Size         Type   Attr      Idx    E Section Name        Object

    0x20000000   0x00000014   Data   RW            4    .data               system_stm32f10x.o
    0x20000014   0x00000014   Data   RW           14    .data               stm32f10x_rcc.o
    0x20000028   0x00000004   Data   RW           22    .data               delay.o
    0x2000002c   0x00000006   Data   RW           27    .data               usart.o
    0x20000032   0x00000002   PAD
    0x20000034   0x0000001c   Data   RW           48    .data               malloc.o
    0x20000050   0x00000010   Data   RW           51    .data               lwip_comm.o
    0x20000060   0x0000000e   Data   RW           54    .data               tcp_server_demo.o
    0x2000006e   0x00000001   Data   RW           59    .data               etharp.o
    0x2000006f   0x00000001   PAD
    0x20000070   0x00000012   Data   RW           64    .data               ip.o
    0x20000082   0x00000002   PAD
    0x20000084   0x00000006   Data   RW           69    .data               ip_frag.o
    0x2000008a   0x00000002   PAD
    0x2000008c   0x00000004   Data   RW           74    .data               dhcp.o
    0x20000090   0x00000014   Data   RW           77    .data               mem.o
    0x200000a4   0x0000003c   Data   RW           82    .data               memp.o
    0x200000e0   0x00000009   Data   RW           84    .data               netif.o
    0x200000e9   0x00000001   Data   RW           86    .data               pbuf.o
    0x200000ea   0x00000002   PAD
    0x200000ec   0x00000004   Data   RW           88    .data               raw.o
    0x200000f0   0x00000024   Data   RW           92    .data               tcp.o
    0x20000114   0x00000020   Data   RW           95    .data               tcp_in.o
    0x20000134   0x00000008   Data   RW           99    .data               timers.o
    0x2000013c   0x00000008   Data   RW          101    .data               udp.o
    0x20000144   0x0000000c   Data   RW          111    .data               tcpip.o
    0x20000150   0x00000048   Data   RW          115    .data               os_core.o
    0x20000198   0x00000300   Zero   RW            6    .bss                ucostask.o
    0x20000498   0x000000c8   Zero   RW           26    .bss                usart.o
    0x20000560   0x00000010   Zero   RW           37    .bss                enc28j60.o
    0x20000570   0x0000aa00   Zero   RW           46    .bss                malloc.o
    0x2000af70   0x0000004c   Zero   RW           50    .bss                lwip_comm.o
    0x2000afbc   0x000038bc   Zero   RW           53    .bss                tcp_server_demo.o
    0x2000e878   0x000000c8   Zero   RW           56    .bss                etharp.o
    0x2000e940   0x00000010   Zero   RW           66    .bss                ip_addr.o
    0x2000e950   0x00000032   Zero   RW           72    .bss                dhcp.o
    0x2000e982   0x00000002   PAD
    0x2000e984   0x00000038   Zero   RW           79    .bss                memp.o
    0x2000e9bc   0x00000014   Zero   RW           94    .bss                tcp_in.o
    0x2000e9d0   0x00000c68   Zero   RW          113    .bss                os_core.o
    0x2000f638   0x00000060   Zero   RW          196    .bss                c_w.l(libspace.o)
    0x2000f698   0x00000200   Zero   RW            9    HEAP                startup_stm32f10x_hd.o
    0x2000f898   0x00000400   Zero   RW            8    STACK               startup_stm32f10x_hd.o



  Load Region LR$$.ARM.__AT_0x68000000 (Base: 0x68000000, Size: 0x00000000, Max: 0x00030000, ABSOLUTE)

    Execution Region ER$$.ARM.__AT_0x68000000 (Base: 0x68000000, Size: 0x00030000, Max: 0x00030000, ABSOLUTE, UNINIT)

    Base Addr    Size         Type   Attr      Idx    E Section Name        Object

    0x68000000   0x00030000   Zero   RW           44    .ARM.__AT_0x68000000  malloc.o



  Load Region LR$$.ARM.__AT_0x68030000 (Base: 0x68030000, Size: 0x00000000, Max: 0x00003000, ABSOLUTE)

    Execution Region ER$$.ARM.__AT_0x68030000 (Base: 0x68030000, Size: 0x00003000, Max: 0x00003000, ABSOLUTE, UNINIT)

    Base Addr    Size         Type   Attr      Idx    E Section Name        Object

    0x68030000   0x00003000   Zero   RW           45    .ARM.__AT_0x68030000  malloc.o


==============================================================================

Image component sizes


      Code (inc. data)   RO Data    RW Data    ZI Data      Debug   Object Name

      3064        820          0          0          0          0   api_lib.o
      6028       1224          0          0          0          0   api_msg.o
        62          0          0          0          0          0   def.o
       304         24          0          4          0          0   delay.o
      6756       1090        140          4         50          0   dhcp.o
      1916        154          0          0         16          0   enc28j60.o
      3716        604         80          1        200          0   etharp.o
       532        178          0          0          0          0   ethernetif.o
      1092        372          0          0          0          0   icmp.o
       692        104          0          0          0          0   inet_chksum.o
        32          0          0          0          0          0   init.o
      1164        174          0         18          0          0   ip.o
       812        112          8          0         16          0   ip_addr.o
      2600        486          0          6          0          0   ip_frag.o
        76          8          0          0          0          0   led.o
      1364        524          0         16         76          0   lwip_comm.o
       232         64          0          0          0          0   main.o
       564         18         24         28     252416          0   malloc.o
      1860        568          0         20          0          0   mem.o
       468        196        216         60         56          0   memp.o
       220         22          0          0          0          0   misc.o
       944        340          0          0          0          0   netbuf.o
       832        124          0          9          0          0   netif.o
      2404        238        256         72       3176          0   os_core.o
       180         36          0          0          0          0   os_cpu_a.o
       174          0          0          0          0          0   os_cpu_c.o
      2060         42          0          0          0          0   os_flag.o
      1528         34          0          0          0          0   os_q.o
       924         20          0          0          0          0   os_sem.o
      1988         70          0          0          0          0   os_task.o
       432         30          0          0          0          0   os_time.o
      1716         94        808          0          0          0   ov2640.o
      4410       1248          0          1          0          0   pbuf.o
       588        134          0          4          0          0   raw.o
       660         24          0          0          0          0   sccb.o
       264         10          0          0          0          0   spi.o
       280         16          0          0          0          0   sram.o
        64         26        304          0       1536          0   startup_stm32f10x_hd.o
       284         10          0          0          0          0   stm32f10x_exti.o
      1548         18          0          0          0          0   stm32f10x_fsmc.o
       860         38          0          0          0          0   stm32f10x_gpio.o
        22          0          0          0          0          0   stm32f10x_it.o
       932         36          0         20          0          0   stm32f10x_rcc.o
       780         14          0          0          0          0   stm32f10x_spi.o
      3610         88          0          0          0          0   stm32f10x_tim.o
      1032         22          0          0          0          0   stm32f10x_usart.o
       980        166          4          0          0          0   sys_arch.o
       480         38          0         20          0          0   system_stm32f10x.o
      5424       1124        189         36          0          0   tcp.o
      7608       1072          0         32         20          0   tcp_in.o
      5026        954         85          0          0          0   tcp_out.o
       956        232          0         14      14524          0   tcp_server_demo.o
       952        194          0         12          0          0   tcpip.o
       116          6          0          0          0          0   timer.o
       816        186          0          8          0          0   timers.o
       156         32          0          0        768          0   ucostask.o
      1592        202          0          8          0          0   udp.o
       328         16          0          6        200          0   usart.o

    ----------------------------------------------------------------------
     86514      13676       2152        408     273056          0   Object Totals
         0          0         32          0          0          0   (incl. Generated)
        10          0          6          9          2          0   (incl. Padding)

    ----------------------------------------------------------------------

      Code (inc. data)   RO Data    RW Data    ZI Data      Debug   Library Member Name

        90          0          0          0          0          0   __dczerorl2.o
         8          0          0          0          0          0   __main.o
       104          0          0          0          0          0   __printf.o
         0          0          0          0          0          0   __rtentry.o
        12          0          0          0          0          0   __rtentry2.o
         6          0          0          0          0          0   __rtentry4.o
        52          8          0          0          0          0   __scatter.o
        28          0          0          0          0          0   __scatter_zi.o
        44          0          0          0          0          0   _printf_char.o
        48          6          0          0          0          0   _printf_char_common.o
        36          4          0          0          0          0   _printf_char_file.o
         6          0          0          0          0          0   _printf_d.o
       120         16          0          0          0          0   _printf_dec.o
       178          0          0          0          0          0   _printf_intcommon.o
         0          0          0          0          0          0   _printf_percent.o
         4          0          0          0          0          0   _printf_percent_end.o
         6          0          0          0          0          0   _printf_s.o
        82          0          0          0          0          0   _printf_str.o
        18          0          0          0          0          0   exit.o
         8          0          0          0          0          0   ferror.o
         6          0          0          0          0          0   heapauxi.o
        44         10        272          0          0          0   lc_ctype_c.o
         2          0          0          0          0          0   libinit.o
        20          0          0          0          0          0   libinit2.o
         2          0          0          0          0          0   libshutdown.o
         2          0          0          0          0          0   libshutdown2.o
         8          4          0          0         96          0   libspace.o
        88          0          0          0          0          0   memcmp.o
        24          4          0          0          0          0   noretval__2printf.o
        16          4          0          0          0          0   rt_ctype_table.o
         8          4          0          0          0          0   rt_locale_intlibspace.o
        68          0          0          0          0          0   rt_memclr.o
        78          0          0          0          0          0   rt_memclr_w.o
       138          0          0          0          0          0   rt_memcpy_v6.o
       100          0          0          0          0          0   rt_memcpy_w.o
         2          0          0          0          0          0   rtexit.o
        10          0          0          0          0          0   rtexit2.o
       128          0          0          0          0          0   strcmpv7m.o
        62          0          0          0          0          0   strlen.o
        74          0          0          0          0          0   sys_stackheap_outer.o
         2          0          0          0          0          0   use_no_semi.o
         2          0          0          0          0          0   use_no_semi_2.o

    ----------------------------------------------------------------------
      1742         60        272          0         96          0   Library Totals
         8          0          0          0          0          0   (incl. Padding)

    ----------------------------------------------------------------------

      Code (inc. data)   RO Data    RW Data    ZI Data      Debug   Library Name

      1734         60        272          0         96          0   c_w.l

    ----------------------------------------------------------------------
      1742         60        272          0         96          0   Library Totals

    ----------------------------------------------------------------------

==============================================================================


      Code (inc. data)   RO Data    RW Data    ZI Data      Debug   

     88256      13736       2424        408     273152          0   Grand Totals
     88256      13736       2424        108     273152          0   ELF Image Totals (compressed)
     88256      13736       2424        108          0          0   ROM Totals

==============================================================================

    Total RO  Size (Code + RO Data)                90680 (  88.55kB)
    Total RW  Size (RW Data + ZI Data)            273560 ( 267.15kB)
    Total ROM Size (Code + RO Data + RW Data)      90788 (  88.66kB)

==============================================================================

