Component: ARM Compiler 5.06 update 3 (build 300) Tool: armlink [4d35c9]

==============================================================================

Section Cross References

    main.o(.text) refers to _printf_percent.o(.ARM.Collect$$_printf_percent$$00000000) for _printf_percent
    main.o(.text) refers to _printf_d.o(.ARM.Collect$$_printf_percent$$00000009) for _printf_d
    main.o(.text) refers to _printf_dec.o(.text) for _printf_int_dec
    main.o(.text) refers to noretval__2sprintf.o(.text) for __2sprintf
    main.o(.text) refers to os_task.o(.text) for OSTaskSuspend
    main.o(.text) refers to os_time.o(.text) for OSTimeDlyHMSM
    main.o(.text) refers to key.o(.text) for KEY_Scan
    main.o(.text) refers to os_core.o(.text) for OSStatInit
    main.o(.text) refers to os_cpu_a.o(.text) for OS_CPU_SR_Save
    main.o(.text) refers to delay.o(.text) for delay_init
    main.o(.text) refers to misc.o(.text) for NVIC_PriorityGroupConfig
    main.o(.text) refers to usart.o(.text) for uart_init
    main.o(.text) refers to led.o(.text) for LED_Init
    main.o(.text) refers to sram.o(.text) for FSMC_SRAM_Init
    main.o(.text) refers to malloc.o(.text) for my_mem_init
    main.o(.text) refers to noretval__2printf.o(.text) for __2printf
    main.o(.text) refers to lwip_comm.o(.text) for lwip_comm_init
    main.o(.text) refers to tcp_server_demo.o(.text) for tcp_server_init
    main.o(.text) refers to lwip_comm.o(.bss) for lwipdev
    main.o(.text) refers to tcp_server_demo.o(.data) for tcp_server_flag
    main.o(.text) refers to main.o(.bss) for LED_TASK_STK
    main.o(.text) refers to usmart_config.o(.data) for usmart_dev
    system_stm32f10x.o(.text) refers to system_stm32f10x.o(.data) for SystemCoreClock
    startup_stm32f10x_hd.o(STACK) refers (Special) to heapauxi.o(.text) for __use_two_region_memory
    startup_stm32f10x_hd.o(HEAP) refers (Special) to heapauxi.o(.text) for __use_two_region_memory
    startup_stm32f10x_hd.o(RESET) refers (Special) to heapauxi.o(.text) for __use_two_region_memory
    startup_stm32f10x_hd.o(RESET) refers to startup_stm32f10x_hd.o(STACK) for __initial_sp
    startup_stm32f10x_hd.o(RESET) refers to startup_stm32f10x_hd.o(.text) for Reset_Handler
    startup_stm32f10x_hd.o(RESET) refers to stm32f10x_it.o(.text) for NMI_Handler
    startup_stm32f10x_hd.o(RESET) refers to os_cpu_a.o(.text) for PendSV_Handler
    startup_stm32f10x_hd.o(RESET) refers to delay.o(.text) for SysTick_Handler
    startup_stm32f10x_hd.o(RESET) refers to enc28j60.o(.text) for EXTI9_5_IRQHandler
    startup_stm32f10x_hd.o(RESET) refers to timer.o(.text) for TIM3_IRQHandler
    startup_stm32f10x_hd.o(RESET) refers to usmart.o(.text) for TIM4_IRQHandler
    startup_stm32f10x_hd.o(RESET) refers to usart.o(.text) for USART1_IRQHandler
    startup_stm32f10x_hd.o(.text) refers (Special) to heapauxi.o(.text) for __use_two_region_memory
    startup_stm32f10x_hd.o(.text) refers to system_stm32f10x.o(.text) for SystemInit
    startup_stm32f10x_hd.o(.text) refers to __main.o(!!!main) for __main
    startup_stm32f10x_hd.o(.text) refers to startup_stm32f10x_hd.o(HEAP) for Heap_Mem
    startup_stm32f10x_hd.o(.text) refers to startup_stm32f10x_hd.o(STACK) for Stack_Mem
    stm32f10x_rcc.o(.text) refers to stm32f10x_rcc.o(.data) for APBAHBPrescTable
    stm32f10x_spi.o(.text) refers to stm32f10x_rcc.o(.text) for RCC_APB2PeriphResetCmd
    stm32f10x_usart.o(.text) refers to stm32f10x_rcc.o(.text) for RCC_APB2PeriphResetCmd
    stm32f10x_gpio.o(.text) refers to stm32f10x_rcc.o(.text) for RCC_APB2PeriphResetCmd
    stm32f10x_tim.o(.text) refers to stm32f10x_rcc.o(.text) for RCC_APB2PeriphResetCmd
    delay.o(.text) refers to os_core.o(.text) for OSSchedLock
    delay.o(.text) refers to os_time.o(.text) for OSTimeDly
    delay.o(.text) refers to misc.o(.text) for SysTick_CLKSourceConfig
    delay.o(.text) refers to os_core.o(.data) for OSRunning
    delay.o(.text) refers to system_stm32f10x.o(.data) for SystemCoreClock
    delay.o(.text) refers to delay.o(.data) for fac_us
    usart.o(.text) refers (Special) to use_no_semi_2.o(.text) for __use_no_semihosting
    usart.o(.text) refers to stm32f10x_rcc.o(.text) for RCC_APB2PeriphClockCmd
    usart.o(.text) refers to stm32f10x_gpio.o(.text) for GPIO_Init
    usart.o(.text) refers to misc.o(.text) for NVIC_Init
    usart.o(.text) refers to stm32f10x_usart.o(.text) for USART_Init
    usart.o(.text) refers to os_core.o(.text) for OSIntEnter
    usart.o(.text) refers to usart.o(.data) for USART_RX_STA
    usart.o(.text) refers to usart.o(.bss) for USART_RX_BUF
    usart.o(.bss) refers (Special) to use_no_semi_2.o(.text) for __use_no_semihosting
    usart.o(.data) refers (Special) to use_no_semi_2.o(.text) for __use_no_semihosting
    led.o(.text) refers to stm32f10x_rcc.o(.text) for RCC_APB2PeriphClockCmd
    led.o(.text) refers to stm32f10x_gpio.o(.text) for GPIO_Init
    key.o(.text) refers to stm32f10x_rcc.o(.text) for RCC_APB2PeriphClockCmd
[...]
    FSMC_NANDStructInit                      0x08001903   Thumb Code    54  stm32f10x_fsmc.o(.text)
    FSMC_PCCARDStructInit                    0x08001939   Thumb Code    60  stm32f10x_fsmc.o(.text)
    FSMC_NORSRAMCmd                          0x08001975   Thumb Code    46  stm32f10x_fsmc.o(.text)
    FSMC_NANDCmd                             0x080019a3   Thumb Code    86  stm32f10x_fsmc.o(.text)
    FSMC_PCCARDCmd                           0x080019f9   Thumb Code    44  stm32f10x_fsmc.o(.text)
    FSMC_NANDECCCmd                          0x08001a25   Thumb Code    90  stm32f10x_fsmc.o(.text)
    FSMC_GetECC                              0x08001a7f   Thumb Code    24  stm32f10x_fsmc.o(.text)
    FSMC_ITConfig                            0x08001a97   Thumb Code   128  stm32f10x_fsmc.o(.text)
    FSMC_GetFlagStatus                       0x08001b17   Thumb Code    54  stm32f10x_fsmc.o(.text)
    FSMC_ClearFlag                           0x08001b4d   Thumb Code    62  stm32f10x_fsmc.o(.text)
    FSMC_GetITStatus                         0x08001b8b   Thumb Code    64  stm32f10x_fsmc.o(.text)
    FSMC_ClearITPendingBit                   0x08001bcb   Thumb Code    68  stm32f10x_fsmc.o(.text)
    TIM_DeInit                               0x08001c19   Thumb Code   424  stm32f10x_tim.o(.text)
    TIM_TimeBaseInit                         0x08001dc1   Thumb Code   122  stm32f10x_tim.o(.text)
    TIM_OC1Init                              0x08001e3b   Thumb Code   132  stm32f10x_tim.o(.text)
    TIM_OC2Init                              0x08001ebf   Thumb Code   154  stm32f10x_tim.o(.text)
    TIM_OC3Init                              0x08001f59   Thumb Code   150  stm32f10x_tim.o(.text)
    TIM_OC4Init                              0x08001fef   Thumb Code   182  stm32f10x_tim.o(.text)
    TIM_SetIC4Prescaler                      0x080020a5   Thumb Code    26  stm32f10x_tim.o(.text)
    TIM_SetIC3Prescaler                      0x08002141   Thumb Code    18  stm32f10x_tim.o(.text)
    TIM_SetIC2Prescaler                      0x080021cd   Thumb Code    26  stm32f10x_tim.o(.text)
    TIM_SetIC1Prescaler                      0x08002269   Thumb Code    18  stm32f10x_tim.o(.text)
    TIM_ICInit                               0x080022e7   Thumb Code   150  stm32f10x_tim.o(.text)
    TIM_PWMIConfig                           0x0800237d   Thumb Code   124  stm32f10x_tim.o(.text)
    TIM_BDTRConfig                           0x080023f9   Thumb Code    32  stm32f10x_tim.o(.text)
    TIM_TimeBaseStructInit                   0x08002419   Thumb Code    18  stm32f10x_tim.o(.text)
    TIM_OCStructInit                         0x0800242b   Thumb Code    20  stm32f10x_tim.o(.text)
    TIM_ICStructInit                         0x0800243f   Thumb Code    18  stm32f10x_tim.o(.text)
    TIM_BDTRStructInit                       0x08002451   Thumb Code    40  stm32f10x_tim.o(.text)
    TIM_Cmd                                  0x08002479   Thumb Code    24  stm32f10x_tim.o(.text)
    TIM_CtrlPWMOutputs                       0x08002491   Thumb Code    30  stm32f10x_tim.o(.text)
    TIM_ITConfig                             0x080024af   Thumb Code    18  stm32f10x_tim.o(.text)
    TIM_GenerateEvent                        0x080024c1   Thumb Code     4  stm32f10x_tim.o(.text)
    TIM_DMAConfig                            0x080024c5   Thumb Code    10  stm32f10x_tim.o(.text)
    TIM_DMACmd                               0x080024cf   Thumb Code    18  stm32f10x_tim.o(.text)
    TIM_InternalClockConfig                  0x080024e1   Thumb Code    12  stm32f10x_tim.o(.text)
    TIM_SelectInputTrigger                   0x080024ed   Thumb Code    18  stm32f10x_tim.o(.text)
    TIM_ITRxExternalClockConfig              0x080024ff   Thumb Code    24  stm32f10x_tim.o(.text)
    TIM_TIxExternalClockConfig               0x08002517   Thumb Code    62  stm32f10x_tim.o(.text)
    TIM_ETRConfig                            0x08002555   Thumb Code    28  stm32f10x_tim.o(.text)
    TIM_ETRClockMode1Config                  0x08002571   Thumb Code    54  stm32f10x_tim.o(.text)
    TIM_ETRClockMode2Config                  0x080025a7   Thumb Code    32  stm32f10x_tim.o(.text)
    TIM_PrescalerConfig                      0x080025c7   Thumb Code     6  stm32f10x_tim.o(.text)
    TIM_CounterModeConfig                    0x080025cd   Thumb Code    18  stm32f10x_tim.o(.text)
    TIM_EncoderInterfaceConfig               0x080025df   Thumb Code    66  stm32f10x_tim.o(.text)
    TIM_ForcedOC1Config                      0x08002621   Thumb Code    18  stm32f10x_tim.o(.text)
    TIM_ForcedOC2Config                      0x08002633   Thumb Code    26  stm32f10x_tim.o(.text)
    TIM_ForcedOC3Config                      0x0800264d   Thumb Code    18  stm32f10x_tim.o(.text)
    TIM_ForcedOC4Config                      0x0800265f   Thumb Code    26  stm32f10x_tim.o(.text)
    TIM_ARRPreloadConfig                     0x08002679   Thumb Code    24  stm32f10x_tim.o(.text)
    TIM_SelectCOM                            0x08002691   Thumb Code    24  stm32f10x_tim.o(.text)
    TIM_SelectCCDMA                          0x080026a9   Thumb Code    24  stm32f10x_tim.o(.text)
    TIM_CCPreloadControl                     0x080026c1   Thumb Code    24  stm32f10x_tim.o(.text)
    TIM_OC1PreloadConfig                     0x080026d9   Thumb Code    18  stm32f10x_tim.o(.text)
    TIM_OC2PreloadConfig                     0x080026eb   Thumb Code    26  stm32f10x_tim.o(.text)
    TIM_OC3PreloadConfig                     0x08002705   Thumb Code    18  stm32f10x_tim.o(.text)
    TIM_OC4PreloadConfig                     0x08002717   Thumb Code    26  stm32f10x_tim.o(.text)
    TIM_OC1FastConfig                        0x08002731   Thumb Code    18  stm32f10x_tim.o(.text)
    TIM_OC2FastConfig                        0x08002743   Thumb Code    26  stm32f10x_tim.o(.text)
    TIM_OC3FastConfig                        0x0800275d   Thumb Code    18  stm32f10x_tim.o(.text)
    TIM_OC4FastConfig                        0x0800276f   Thumb Code    26  stm32f10x_tim.o(.text)
    TIM_ClearOC1Ref                          0x08002789   Thumb Code    18  stm32f10x_tim.o(.text)
    TIM_ClearOC2Ref                          0x0800279b   Thumb Code    24  stm32f10x_tim.o(.text)
    TIM_ClearOC3Ref                          0x080027b3   Thumb Code    18  stm32f10x_tim.o(.text)
    TIM_ClearOC4Ref                          0x080027c5   Thumb Code    24  stm32f10x_tim.o(.text)
    TIM_OC1PolarityConfig                    0x080027dd   Thumb Code    18  stm32f10x_tim.o(.text)
    TIM_OC1NPolarityConfig                   0x080027ef   Thumb Code    18  stm32f10x_tim.o(.text)
    TIM_OC2PolarityConfig                    0x08002801   Thumb Code    26  stm32f10x_tim.o(.text)
    TIM_OC2NPolarityConfig                   0x0800281b   Thumb Code    26  stm32f10x_tim.o(.text)
    TIM_OC3PolarityConfig                    0x08002835   Thumb Code    26  stm32f10x_tim.o(.text)
    TIM_OC3NPolarityConfig                   0x0800284f   Thumb Code    26  stm32f10x_tim.o(.text)
    TIM_OC4PolarityConfig                    0x08002869   Thumb Code    26  stm32f10x_tim.o(.text)
    TIM_CCxCmd                               0x08002883   Thumb Code    30  stm32f10x_tim.o(.text)
    TIM_CCxNCmd                              0x080028a1   Thumb Code    30  stm32f10x_tim.o(.text)
    TIM_SelectOCxM                           0x080028bf   Thumb Code    82  stm32f10x_tim.o(.text)
    TIM_UpdateDisableConfig                  0x08002911   Thumb Code    24  stm32f10x_tim.o(.text)
    TIM_UpdateRequestConfig                  0x08002929   Thumb Code    24  stm32f10x_tim.o(.text)
    TIM_SelectHallSensor                     0x08002941   Thumb Code    24  stm32f10x_tim.o(.text)
    TIM_SelectOnePulseMode                   0x08002959   Thumb Code    18  stm32f10x_tim.o(.text)
    TIM_SelectOutputTrigger                  0x0800296b   Thumb Code    18  stm32f10x_tim.o(.text)
    TIM_SelectSlaveMode                      0x0800297d   Thumb Code    18  stm32f10x_tim.o(.text)
    TIM_SelectMasterSlaveMode                0x0800298f   Thumb Code    18  stm32f10x_tim.o(.text)
    TIM_SetCounter                           0x080029a1   Thumb Code     4  stm32f10x_tim.o(.text)
    TIM_SetAutoreload                        0x080029a5   Thumb Code     4  stm32f10x_tim.o(.text)
    TIM_SetCompare1                          0x080029a9   Thumb Code     4  stm32f10x_tim.o(.text)
    TIM_SetCompare2                          0x080029ad   Thumb Code     4  stm32f10x_tim.o(.text)
    TIM_SetCompare3                          0x080029b1   Thumb Code     4  stm32f10x_tim.o(.text)
    TIM_SetCompare4                          0x080029b5   Thumb Code     6  stm32f10x_tim.o(.text)
    TIM_SetClockDivision                     0x080029bb   Thumb Code    18  stm32f10x_tim.o(.text)
    TIM_GetCapture1                          0x080029cd   Thumb Code     6  stm32f10x_tim.o(.text)
    TIM_GetCapture2                          0x080029d3   Thumb Code     6  stm32f10x_tim.o(.text)
    TIM_GetCapture3                          0x080029d9   Thumb Code     6  stm32f10x_tim.o(.text)
    TIM_GetCapture4                          0x080029df   Thumb Code     8  stm32f10x_tim.o(.text)
    TIM_GetCounter                           0x080029e7   Thumb Code     6  stm32f10x_tim.o(.text)
    TIM_GetPrescaler                         0x080029ed   Thumb Code     6  stm32f10x_tim.o(.text)
    TIM_GetFlagStatus                        0x080029f3   Thumb Code    18  stm32f10x_tim.o(.text)
    TIM_ClearFlag                            0x08002a05   Thumb Code     6  stm32f10x_tim.o(.text)
    TIM_GetITStatus                          0x08002a0b   Thumb Code    34  stm32f10x_tim.o(.text)
    TIM_ClearITPendingBit                    0x08002a2d   Thumb Code     6  stm32f10x_tim.o(.text)
    EXTI_DeInit                              0x08002a35   Thumb Code    28  stm32f10x_exti.o(.text)
    EXTI_Init                                0x08002a51   Thumb Code   142  stm32f10x_exti.o(.text)
    EXTI_StructInit                          0x08002adf   Thumb Code    16  stm32f10x_exti.o(.text)
    EXTI_GenerateSWInterrupt                 0x08002aef   Thumb Code    16  stm32f10x_exti.o(.text)
    EXTI_GetFlagStatus                       0x08002aff   Thumb Code    22  stm32f10x_exti.o(.text)
    EXTI_ClearFlag                           0x08002b15   Thumb Code     8  stm32f10x_exti.o(.text)
    EXTI_GetITStatus                         0x08002b1d   Thumb Code    34  stm32f10x_exti.o(.text)
    EXTI_ClearITPendingBit                   0x08002b3f   Thumb Code     8  stm32f10x_exti.o(.text)
    delay_osschedlock                        0x08002b51   Thumb Code     8  delay.o(.text)
    delay_osschedunlock                      0x08002b59   Thumb Code     8  delay.o(.text)
    delay_ostimedly                          0x08002b61   Thumb Code    12  delay.o(.text)
    SysTick_Handler                          0x08002b6d   Thumb Code    24  delay.o(.text)
    delay_init                               0x08002b85   Thumb Code    76  delay.o(.text)
    delay_us                                 0x08002bd1   Thumb Code    86  delay.o(.text)
    delay_ms                                 0x08002c27   Thumb Code    66  delay.o(.text)
    _sys_exit                                0x08002c81   Thumb Code     6  usart.o(.text)
    fputc                                    0x08002c87   Thumb Code    24  usart.o(.text)
    uart_init                                0x08002c9f   Thumb Code   152  usart.o(.text)
    USART1_IRQHandler                        0x08002d37   Thumb Code   130  usart.o(.text)
    LED_Init                                 0x08002dc9   Thumb Code    68  led.o(.text)
    KEY_Init                                 0x08002e15   Thumb Code    52  key.o(.text)
    KEY_Scan                                 0x08002e49   Thumb Code   188  key.o(.text)
    SPI2_ReadWriteByte                       0x08002f11   Thumb Code    78  spi.o(.text)
    SPI2_Init                                0x08002f5f   Thumb Code   140  spi.o(.text)
    SPI2_SetSpeed                            0x08002feb   Thumb Code    36  spi.o(.text)
    ENC28J60_Read_Op                         0x08003019   Thumb Code    60  enc28j60.o(.text)
    ENC28J60_Write_Op                        0x08003055   Thumb Code    50  enc28j60.o(.text)
    ENC28J60_Read_Buf                        0x08003087   Thumb Code    48  enc28j60.o(.text)
    ENC28J60_Write_Buf                       0x080030b7   Thumb Code    42  enc28j60.o(.text)
    ENC28J60_Set_Bank                        0x080030e1   Thumb Code    48  enc28j60.o(.text)
    ENC28J60_Read                            0x08003111   Thumb Code    20  enc28j60.o(.text)
    ENC28J60_Write                           0x08003125   Thumb Code    24  enc28j60.o(.text)
    ENC28J60_PHY_Write                       0x0800313d   Thumb Code    60  enc28j60.o(.text)
    ENC28J60_PHY_Read                        0x08003179   Thumb Code    94  enc28j60.o(.text)
    ENC28J60_Get_EREVID                      0x080031d7   Thumb Code    14  enc28j60.o(.text)
    ENC28J60_Get_Duplex                      0x080031e5   Thumb Code    16  enc28j60.o(.text)
    ENC28J60_Init                            0x080031f5   Thumb Code   752  enc28j60.o(.text)
    ENC28J60_Packet_Send                     0x080034e5   Thumb Code   158  enc28j60.o(.text)
    ENC28J60_Packet_Receive                  0x08003583   Thumb Code   216  enc28j60.o(.text)
    ENC28J60_ISRHandler                      0x0800365b   Thumb Code   180  enc28j60.o(.text)
    EXTI9_5_IRQHandler                       0x0800370f   Thumb Code    32  enc28j60.o(.text)
    FSMC_SRAM_Init                           0x08003795   Thumb Code   182  sram.o(.text)
    FSMC_SRAM_WriteBuffer                    0x0800384b   Thumb Code    24  sram.o(.text)
    FSMC_SRAM_ReadBuffer                     0x08003863   Thumb Code    22  sram.o(.text)
    fsmc_sram_test_write                     0x08003879   Thumb Code    16  sram.o(.text)
    fsmc_sram_test_read                      0x08003889   Thumb Code    20  sram.o(.text)
    TIM3_Int_Init                            0x080038ad   Thumb Code    90  timer.o(.text)
    TIM3_IRQHandler                          0x08003907   Thumb Code    20  timer.o(.text)
    usmart_sys_cmd_exe                       0x08003921   Thumb Code  1554  usmart.o(.text)
    usmart_reset_runtime                     0x08003f33   Thumb Code    38  usmart.o(.text)
    usmart_get_runtime                       0x08003f59   Thumb Code    60  usmart.o(.text)
    TIM4_IRQHandler                          0x08003f95   Thumb Code    46  usmart.o(.text)
    Timer4_Init                              0x08003fc3   Thumb Code    88  usmart.o(.text)
    usmart_init                              0x0800401b   Thumb Code    36  usmart.o(.text)
    usmart_cmd_rec                           0x0800403f   Thumb Code   170  usmart.o(.text)
    usmart_exe                               0x080040e9   Thumb Code   870  usmart.o(.text)
    usmart_scan                              0x0800444f   Thumb Code   120  usmart.o(.text)
    read_addr                                0x080044c7   Thumb Code     6  usmart.o(.text)
    write_addr                               0x080044cd   Thumb Code     4  usmart.o(.text)
    usmart_strcmp                            0x08004559   Thumb Code    34  usmart_str.o(.text)
    usmart_strcopy                           0x0800457b   Thumb Code    22  usmart_str.o(.text)
    usmart_strlen                            0x08004591   Thumb Code    24  usmart_str.o(.text)
    usmart_pow                               0x080045a9   Thumb Code    22  usmart_str.o(.text)
    usmart_str2num                           0x080045bf   Thumb Code   202  usmart_str.o(.text)
    usmart_get_cmdname                       0x08004689   Thumb Code    54  usmart_str.o(.text)
    usmart_search_nextc                      0x080046bf   Thumb Code    22  usmart_str.o(.text)
    usmart_get_fname                         0x080046d5   Thumb Code   440  usmart_str.o(.text)
    usmart_get_aparm                         0x0800488d   Thumb Code   200  usmart_str.o(.text)
    usmart_get_parmpos                       0x08004955   Thumb Code    26  usmart_str.o(.text)
    usmart_get_fparam                        0x0800496f   Thumb Code   262  usmart_str.o(.text)
    mymemcpy                                 0x08004a81   Thumb Code    26  malloc.o(.text)
    mymemset                                 0x08004a9b   Thumb Code    20  malloc.o(.text)
    my_mem_init                              0x08004aaf   Thumb Code    54  malloc.o(.text)
    my_mem_perused                           0x08004ae5   Thumb Code    54  malloc.o(.text)
    my_mem_malloc                            0x08004b1b   Thumb Code   162  malloc.o(.text)
    my_mem_free                              0x08004bbd   Thumb Code    94  malloc.o(.text)
    myfree                                   0x08004c1b   Thumb Code    32  malloc.o(.text)
    mymalloc                                 0x08004c3b   Thumb Code    36  malloc.o(.text)
    myrealloc                                0x08004c5f   Thumb Code    68  malloc.o(.text)
    lwip_pkt_handle                          0x08004cb5   Thumb Code    10  lwip_comm.o(.text)
    lwip_comm_mem_free                       0x08004cbf   Thumb Code    44  lwip_comm.o(.text)
    lwip_comm_mem_malloc                     0x08004ceb   Thumb Code   116  lwip_comm.o(.text)
    lwip_comm_default_ip_set                 0x08004d5f   Thumb Code   102  lwip_comm.o(.text)
    lwip_comm_dhcp_delete                    0x08004dc5   Thumb Code    16  lwip_comm.o(.text)
    lwip_dhcp_task                           0x08004dd5   Thumb Code   420  lwip_comm.o(.text)
    lwip_comm_dhcp_creat                     0x08004f79   Thumb Code    36  lwip_comm.o(.text)
    lwip_comm_init                           0x08004f9d   Thumb Code    96  lwip_comm.o(.text)
    tcp_server_init                          0x08005383   Thumb Code    42  tcp_server_demo.o(.text)
    etharp_tmr                               0x080054cd   Thumb Code   144  etharp.o(.text)
    etharp_cleanup_netif                     0x080059ab   Thumb Code    52  etharp.o(.text)
    etharp_find_addr                         0x080059df   Thumb Code   110  etharp.o(.text)
    etharp_request                           0x08005cbf   Thumb Code    40  etharp.o(.text)
    etharp_query                             0x08005d75   Thumb Code   646  etharp.o(.text)
    etharp_output                            0x08005ffb   Thumb Code   392  etharp.o(.text)
    ethernet_input                           0x08006183   Thumb Code   204  etharp.o(.text)
    ethernetif_input                         0x080063db   Thumb Code    48  ethernetif.o(.text)
    ethernetif_init                          0x0800640b   Thumb Code    56  ethernetif.o(.text)
    icmp_input                               0x080064f5   Thumb Code   524  icmp.o(.text)
    icmp_dest_unreach                        0x080067a1   Thumb Code    18  icmp.o(.text)
    icmp_time_exceeded                       0x080067b3   Thumb Code    18  icmp.o(.text)
    inet_chksum_pseudo                       0x08006997   Thumb Code   170  inet_chksum.o(.text)
    inet_chksum_pseudo_partial               0x08006a41   Thumb Code   218  inet_chksum.o(.text)
    inet_chksum                              0x08006b1b   Thumb Code    20  inet_chksum.o(.text)
    inet_chksum_pbuf                         0x08006b2f   Thumb Code    86  inet_chksum.o(.text)
    ip_route                                 0x08006bed   Thumb Code    80  ip.o(.text)
    ip_input                                 0x08006c3d   Thumb Code   508  ip.o(.text)
    ip_output_if                             0x08006e39   Thumb Code   318  ip.o(.text)
    ip_output                                0x08006f77   Thumb Code    84  ip.o(.text)
    ip4_addr_isbroadcast                     0x08007079   Thumb Code    78  ip_addr.o(.text)
    ip4_addr_netmask_valid                   0x080070c7   Thumb Code    56  ip_addr.o(.text)
    ipaddr_aton                              0x080070ff   Thumb Code   364  ip_addr.o(.text)
    ipaddr_addr                              0x0800726b   Thumb Code    24  ip_addr.o(.text)
    ipaddr_ntoa_r                            0x08007283   Thumb Code   168  ip_addr.o(.text)
    ipaddr_ntoa                              0x0800732b   Thumb Code    16  ip_addr.o(.text)
    ip_reass_tmr                             0x080074f5   Thumb Code    56  ip_frag.o(.text)
    ip_reass                                 0x08007931   Thumb Code   410  ip_frag.o(.text)
    ip_frag                                  0x08007b51   Thumb Code   630  ip_frag.o(.text)
    lwip_htons                               0x08007dcd   Thumb Code    12  def.o(.text)
    lwip_ntohs                               0x08007dd9   Thumb Code    12  def.o(.text)
    lwip_htonl                               0x08007de5   Thumb Code    26  def.o(.text)
    lwip_ntohl                               0x08007dff   Thumb Code    12  def.o(.text)
    dhcp_renew                               0x080086e9   Thumb Code   148  dhcp.o(.text)
    dhcp_coarse_tmr                          0x080088b1   Thumb Code    74  dhcp.o(.text)
    dhcp_release                             0x080089ad   Thumb Code   176  dhcp.o(.text)
    dhcp_fine_tmr                            0x08008c51   Thumb Code   132  dhcp.o(.text)
    dhcp_set_struct                          0x08008d45   Thumb Code   106  dhcp.o(.text)
    dhcp_cleanup                             0x08008daf   Thumb Code    48  dhcp.o(.text)
    dhcp_stop                                0x08008ddf   Thumb Code   112  dhcp.o(.text)
    dhcp_start                               0x080094ad   Thumb Code   438  dhcp.o(.text)
    dhcp_inform                              0x08009663   Thumb Code   210  dhcp.o(.text)
    dhcp_network_changed                     0x08009735   Thumb Code    80  dhcp.o(.text)
    dhcp_arp_reply                           0x08009813   Thumb Code    80  dhcp.o(.text)
    lwip_init                                0x08009871   Thumb Code    36  init.o(.text)
    mem_init                                 0x0800996f   Thumb Code   114  mem.o(.text)
    mem_free                                 0x080099e1   Thumb Code   182  mem.o(.text)
    mem_trim                                 0x08009a97   Thumb Code   338  mem.o(.text)
    mem_malloc                               0x08009be9   Thumb Code   796  mem.o(.text)
    mem_calloc                               0x08009f05   Thumb Code    34  mem.o(.text)
    memp_get_memorysize                      0x08009fd9   Thumb Code     8  memp.o(.text)
    memp_init                                0x08009fe1   Thumb Code    86  memp.o(.text)
    memp_malloc                              0x0800a037   Thumb Code   104  memp.o(.text)
    memp_free                                0x0800a09f   Thumb Code    74  memp.o(.text)
    netif_init                               0x0800a1ad   Thumb Code     2  netif.o(.text)
    netif_set_gw                             0x0800a1af   Thumb Code    16  netif.o(.text)
    netif_set_netmask                        0x0800a1bf   Thumb Code    16  netif.o(.text)
    netif_set_ipaddr                         0x0800a1cf   Thumb Code   124  netif.o(.text)
    netif_set_addr                           0x0800a24b   Thumb Code    40  netif.o(.text)
    netif_add                                0x0800a273   Thumb Code   148  netif.o(.text)
    netif_set_default                        0x0800a307   Thumb Code    10  netif.o(.text)
    netif_set_down                           0x0800a311   Thumb Code    42  netif.o(.text)
    netif_remove                             0x0800a33b   Thumb Code    94  netif.o(.text)
    netif_find                               0x0800a399   Thumb Code    72  netif.o(.text)
    netif_set_up                             0x0800a3e1   Thumb Code    54  netif.o(.text)
    netif_set_link_up                        0x0800a417   Thumb Code    66  netif.o(.text)
    netif_set_link_down                      0x0800a459   Thumb Code    24  netif.o(.text)
    pbuf_free                                0x0800a56d   Thumb Code   272  pbuf.o(.text)
    pbuf_alloc                               0x0800a67d   Thumb Code  1148  pbuf.o(.text)
    pbuf_alloced_custom                      0x0800aaf9   Thumb Code   152  pbuf.o(.text)
    pbuf_realloc                             0x0800ab91   Thumb Code   268  pbuf.o(.text)
    pbuf_header                              0x0800ac9d   Thumb Code   214  pbuf.o(.text)
    pbuf_clen                                0x0800ad73   Thumb Code    18  pbuf.o(.text)
    pbuf_ref                                 0x0800ad85   Thumb Code    26  pbuf.o(.text)
    pbuf_cat                                 0x0800ad9f   Thumb Code   138  pbuf.o(.text)
    pbuf_chain                               0x0800ae29   Thumb Code    26  pbuf.o(.text)
    pbuf_dechain                             0x0800ae43   Thumb Code   550  pbuf.o(.text)
    pbuf_copy                                0x0800b069   Thumb Code   350  pbuf.o(.text)
    pbuf_copy_partial                        0x0800b1c7   Thumb Code   190  pbuf.o(.text)
    pbuf_take                                0x0800b285   Thumb Code   210  pbuf.o(.text)
    pbuf_coalesce                            0x0800b357   Thumb Code    84  pbuf.o(.text)
    pbuf_get_at                              0x0800b3ab   Thumb Code    46  pbuf.o(.text)
    pbuf_memcmp                              0x0800b3d9   Thumb Code    96  pbuf.o(.text)
    pbuf_memfind                             0x0800b439   Thumb Code   434  pbuf.o(.text)
    pbuf_strstr                              0x0800b5eb   Thumb Code    60  pbuf.o(.text)
    raw_input                                0x0800b629   Thumb Code   102  raw.o(.text)
    raw_bind                                 0x0800b68f   Thumb Code    16  raw.o(.text)
    raw_connect                              0x0800b69f   Thumb Code    16  raw.o(.text)
    raw_recv                                 0x0800b6af   Thumb Code     6  raw.o(.text)
    raw_sendto                               0x0800b6b5   Thumb Code   190  raw.o(.text)
    raw_send                                 0x0800b773   Thumb Code    18  raw.o(.text)
    raw_remove                               0x0800b785   Thumb Code    60  raw.o(.text)
    raw_new                                  0x0800b7c1   Thumb Code    46  raw.o(.text)
    tcp_init                                 0x0800b875   Thumb Code     2  tcp.o(.text)
    tcp_seg_free                             0x0800b877   Thumb Code    26  tcp.o(.text)
    tcp_segs_free                            0x0800b891   Thumb Code    24  tcp.o(.text)
    tcp_pcb_purge                            0x0800b8a9   Thumb Code   106  tcp.o(.text)
    tcp_slowtmr                              0x0800b913   Thumb Code  1426  tcp.o(.text)
    tcp_pcb_remove                           0x0800bea5   Thumb Code   222  tcp.o(.text)
    tcp_close                                0x0800c14f   Thumb Code    28  tcp.o(.text)
    tcp_update_rcv_ann_wnd                   0x0800c16b   Thumb Code   394  tcp.o(.text)
    tcp_recved                               0x0800c2f5   Thumb Code   136  tcp.o(.text)
    tcp_recv_null                            0x0800c37d   Thumb Code    46  tcp.o(.text)
    tcp_process_refused_data                 0x0800c3ab   Thumb Code   152  tcp.o(.text)
    tcp_fasttmr                              0x0800c443   Thumb Code   114  tcp.o(.text)
    tcp_tmr                                  0x0800c4b5   Thumb Code    30  tcp.o(.text)
    tcp_shutdown                             0x0800c4d3   Thumb Code    98  tcp.o(.text)
    tcp_abandon                              0x0800c535   Thumb Code   178  tcp.o(.text)
    tcp_abort                                0x0800c5e7   Thumb Code    14  tcp.o(.text)
    tcp_bind                                 0x0800c655   Thumb Code   372  tcp.o(.text)
    tcp_listen_with_backlog                  0x0800c7d1   Thumb Code   222  tcp.o(.text)
    tcp_eff_send_mss                         0x0800c8af   Thumb Code    46  tcp.o(.text)
    tcp_next_iss                             0x0800c8dd   Thumb Code    20  tcp.o(.text)
    tcp_connect                              0x0800c8f1   Thumb Code   352  tcp.o(.text)
    tcp_setprio                              0x0800ca51   Thumb Code     4  tcp.o(.text)
    tcp_seg_copy                             0x0800ca55   Thumb Code    38  tcp.o(.text)
    tcp_alloc                                0x0800cb01   Thumb Code   182  tcp.o(.text)
    tcp_new                                  0x0800cbb7   Thumb Code    10  tcp.o(.text)
    tcp_arg                                  0x0800cbc1   Thumb Code   132  tcp.o(.text)
    tcp_recv                                 0x0800cc45   Thumb Code    44  tcp.o(.text)
    tcp_sent                                 0x0800cc71   Thumb Code    42  tcp.o(.text)
    tcp_err                                  0x0800cc9b   Thumb Code    44  tcp.o(.text)
    tcp_accept                               0x0800ccc7   Thumb Code     4  tcp.o(.text)
    tcp_poll                                 0x0800cccb   Thumb Code    48  tcp.o(.text)
    tcp_debug_state_str                      0x0800ccfb   Thumb Code    10  tcp.o(.text)
    tcp_input                                0x0800e4c5   Thumb Code  1616  tcp_in.o(.text)
    tcp_enqueue_flags                        0x0800eca9   Thumb Code   418  tcp_out.o(.text)
    tcp_send_fin                             0x0800ee4b   Thumb Code    74  tcp_out.o(.text)
    tcp_write                                0x0800f12f   Thumb Code  1744  tcp_out.o(.text)
    tcp_send_empty_ack                       0x0800f7ff   Thumb Code   104  tcp_out.o(.text)
    tcp_output                               0x0800f94f   Thumb Code   708  tcp_out.o(.text)
    tcp_rst                                  0x0800fc13   Thumb Code   180  tcp_out.o(.text)
    tcp_rexmit_rto                           0x0800fcc7   Thumb Code    58  tcp_out.o(.text)
    tcp_rexmit                               0x0800fd01   Thumb Code    90  tcp_out.o(.text)
    tcp_rexmit_fast                          0x0800fd5b   Thumb Code   120  tcp_out.o(.text)
    tcp_keepalive                            0x0800fdd3   Thumb Code   102  tcp_out.o(.text)
    tcp_zero_window_probe                    0x0800fe39   Thumb Code   198  tcp_out.o(.text)
    sys_timeout                              0x0800ff01   Thumb Code   174  timers.o(.text)
    tcp_timer_needed                         0x0800ffd7   Thumb Code    38  timers.o(.text)
    sys_timeouts_init                        0x08010065   Thumb Code    52  timers.o(.text)
    sys_untimeout                            0x08010099   Thumb Code    90  timers.o(.text)
    sys_timeouts_mbox_fetch                  0x080100f3   Thumb Code   132  timers.o(.text)
    udp_init                                 0x08010231   Thumb Code     2  udp.o(.text)
    udp_input                                0x08010283   Thumb Code   550  udp.o(.text)
    udp_bind                                 0x080104a9   Thumb Code   170  udp.o(.text)
    udp_sendto_if                            0x08010553   Thumb Code   502  udp.o(.text)
    udp_sendto                               0x08010749   Thumb Code    54  udp.o(.text)
    udp_send                                 0x0801077f   Thumb Code    20  udp.o(.text)
    udp_connect                              0x08010793   Thumb Code    98  udp.o(.text)
    udp_disconnect                           0x080107f5   Thumb Code    16  udp.o(.text)
    udp_recv                                 0x08010805   Thumb Code     6  udp.o(.text)
    udp_remove                               0x0801080b   Thumb Code    60  udp.o(.text)
    udp_new                                  0x08010847   Thumb Code    28  udp.o(.text)
    sys_mbox_new                             0x08010869   Thumb Code   108  sys_arch.o(.text)
    sys_mbox_free                            0x080108d5   Thumb Code    56  sys_arch.o(.text)
    sys_mbox_post                            0x0801090d   Thumb Code    28  sys_arch.o(.text)
    sys_mbox_trypost                         0x08010929   Thumb Code    32  sys_arch.o(.text)
    sys_arch_mbox_fetch                      0x08010949   Thumb Code   154  sys_arch.o(.text)
    sys_arch_mbox_tryfetch                   0x080109e3   Thumb Code    18  sys_arch.o(.text)
    sys_mbox_valid                           0x080109f5   Thumb Code    56  sys_arch.o(.text)
    sys_mbox_set_invalid                     0x08010a2d   Thumb Code     6  sys_arch.o(.text)
    sys_sem_new                              0x08010a33   Thumb Code    62  sys_arch.o(.text)
    sys_arch_sem_wait                        0x08010a71   Thumb Code    96  sys_arch.o(.text)
    sys_sem_signal                           0x08010ad1   Thumb Code    12  sys_arch.o(.text)
    sys_sem_free                             0x08010add   Thumb Code    52  sys_arch.o(.text)
    sys_sem_valid                            0x08010b11   Thumb Code    22  sys_arch.o(.text)
    sys_sem_set_invalid                      0x08010b27   Thumb Code     6  sys_arch.o(.text)
    sys_init                                 0x08010b2d   Thumb Code     2  sys_arch.o(.text)
    sys_thread_new                           0x08010b2f   Thumb Code    66  sys_arch.o(.text)
    sys_msleep                               0x08010b71   Thumb Code    12  sys_arch.o(.text)
    sys_now                                  0x08010b7d   Thumb Code    26  sys_arch.o(.text)
    netconn_new_with_proto_and_callback      0x08010c3d   Thumb Code   194  api_lib.o(.text)
    netconn_delete                           0x08010cff   Thumb Code    36  api_lib.o(.text)
    netconn_getaddr                          0x08010d23   Thumb Code   160  api_lib.o(.text)
    netconn_bind                             0x08010dc3   Thumb Code    98  api_lib.o(.text)
    netconn_connect                          0x08010e25   Thumb Code    98  api_lib.o(.text)
    netconn_disconnect                       0x08010e87   Thumb Code    84  api_lib.o(.text)
    netconn_listen_with_backlog              0x08010edb   Thumb Code    86  api_lib.o(.text)
    netconn_accept                           0x08010f31   Thumb Code   808  api_lib.o(.text)
    netconn_recv_tcp_pbuf                    0x080113cf   Thumb Code    56  api_lib.o(.text)
    netconn_recv                             0x08011407   Thumb Code   270  api_lib.o(.text)
    netconn_recved                           0x08011515   Thumb Code    46  api_lib.o(.text)
    netconn_send                             0x08011543   Thumb Code    98  api_lib.o(.text)
    netconn_sendto                           0x080115a5   Thumb Code    44  api_lib.o(.text)
    netconn_write_partly                     0x080115d1   Thumb Code   434  api_lib.o(.text)
    netconn_close                            0x080117e3   Thumb Code    14  api_lib.o(.text)
    netconn_shutdown                         0x080117f1   Thumb Code    36  api_lib.o(.text)
    netconn_free                             0x08012213   Thumb Code   330  api_msg.o(.text)
    netconn_alloc                            0x0801235d   Thumb Code   174  api_msg.o(.text)
    do_newconn                               0x0801256d   Thumb Code    32  api_msg.o(.text)
    do_delconn                               0x08012659   Thumb Code   636  api_msg.o(.text)
    do_bind                                  0x080128d5   Thumb Code   116  api_msg.o(.text)
    do_connect                               0x08012a1d   Thumb Code   230  api_msg.o(.text)
    do_disconnect                            0x08012b03   Thumb Code    46  api_msg.o(.text)
    do_listen                                0x08012b31   Thumb Code   388  api_msg.o(.text)
    do_send                                  0x08012cb5   Thumb Code   166  api_msg.o(.text)
    do_recv                                  0x08012d5b   Thumb Code    72  api_msg.o(.text)
    do_write                                 0x08012da3   Thumb Code   166  api_msg.o(.text)
    do_getaddr                               0x08012e49   Thumb Code   198  api_msg.o(.text)
    do_close                                 0x08012f0f   Thumb Code   184  api_msg.o(.text)
    netbuf_new                               0x08012ff9   Thumb Code    30  netbuf.o(.text)
    netbuf_delete                            0x08013017   Thumb Code    32  netbuf.o(.text)
    netbuf_alloc                             0x08013037   Thumb Code   102  netbuf.o(.text)
    netbuf_free                              0x0801309d   Thumb Code    48  netbuf.o(.text)
    netbuf_ref                               0x080130cd   Thumb Code    92  netbuf.o(.text)
    netbuf_chain                             0x08013129   Thumb Code    78  netbuf.o(.text)
    netbuf_data                              0x08013177   Thumb Code   122  netbuf.o(.text)
    netbuf_next                              0x080131f1   Thumb Code    64  netbuf.o(.text)
    netbuf_first                             0x08013231   Thumb Code    36  netbuf.o(.text)
    lwip_socket_init                         0x080133a9   Thumb Code     2  sockets.o(.text)
    lwip_accept                              0x08013655   Thumb Code   668  sockets.o(.text)
    lwip_bind                                0x080138f1   Thumb Code   186  sockets.o(.text)
    lwip_close                               0x080139ab   Thumb Code    94  sockets.o(.text)
    lwip_connect                             0x08013a09   Thumb Code   206  sockets.o(.text)
    lwip_listen                              0x08013ad7   Thumb Code   136  sockets.o(.text)
    lwip_recvfrom                            0x08013b5f   Thumb Code   816  sockets.o(.text)
    lwip_read                                0x08013e8f   Thumb Code    28  sockets.o(.text)
    lwip_recv                                0x08013eab   Thumb Code    34  sockets.o(.text)
    lwip_sendto                              0x08013ecd   Thumb Code   278  sockets.o(.text)
    lwip_send                                0x08013fe3   Thumb Code   156  sockets.o(.text)
    lwip_socket                              0x0801407f   Thumb Code   296  sockets.o(.text)
    lwip_write                               0x080141a7   Thumb Code    22  sockets.o(.text)
    lwip_select                              0x08014339   Thumb Code   868  sockets.o(.text)
    lwip_shutdown                            0x0801469d   Thumb Code   298  sockets.o(.text)
    lwip_getpeername                         0x08014849   Thumb Code    22  sockets.o(.text)
    lwip_getsockname                         0x0801485f   Thumb Code    22  sockets.o(.text)
    lwip_getsockopt                          0x08014a71   Thumb Code   410  sockets.o(.text)
    lwip_setsockopt                          0x08014dc1   Thumb Code   318  sockets.o(.text)
    lwip_ioctl                               0x08014eff   Thumb Code   116  sockets.o(.text)
    lwip_fcntl                               0x08014f73   Thumb Code   142  sockets.o(.text)
    tcpip_input                              0x080150e7   Thumb Code    72  tcpip.o(.text)
    tcpip_callback_with_block                0x0801512f   Thumb Code    90  tcpip.o(.text)
    tcpip_timeout                            0x08015189   Thumb Code    64  tcpip.o(.text)
    tcpip_untimeout                          0x080151c9   Thumb Code    56  tcpip.o(.text)
    tcpip_apimsg                             0x08015201   Thumb Code    60  tcpip.o(.text)
    tcpip_callbackmsg_new                    0x0801523d   Thumb Code    32  tcpip.o(.text)
    tcpip_callbackmsg_delete                 0x0801525d   Thumb Code    14  tcpip.o(.text)
    tcpip_trycallback                        0x0801526b   Thumb Code    28  tcpip.o(.text)
    tcpip_init                               0x08015287   Thumb Code    72  tcpip.o(.text)
    pbuf_free_callback                       0x080152dd   Thumb Code    16  tcpip.o(.text)
    mem_free_callback                        0x080152ed   Thumb Code    16  tcpip.o(.text)
    OS_StrLen                                0x080153b9   Thumb Code    20  os_core.o(.text)
    OSEventNameGet                           0x080153cd   Thumb Code    98  os_core.o(.text)
    OSEventNameSet                           0x0801542f   Thumb Code    84  os_core.o(.text)
    OS_TaskStatStkChk                        0x08015483   Thumb Code    54  os_core.o(.text)
    OS_TaskStat                              0x080154b9   Thumb Code   116  os_core.o(.text)
    OS_TaskIdle                              0x08015563   Thumb Code    34  os_core.o(.text)
    OS_MemClr                                0x080155bb   Thumb Code    18  os_core.o(.text)
    OSInit                                   0x080156e3   Thumb Code    44  os_core.o(.text)
    OSIntEnter                               0x0801570f   Thumb Code    28  os_core.o(.text)
    OSIntExit                                0x08015745   Thumb Code   252  os_core.o(.text)
    OSSchedLock                              0x08015841   Thumb Code    50  os_core.o(.text)
    OS_Sched                                 0x08015873   Thumb Code    88  os_core.o(.text)
    OSSchedUnlock                            0x080158cb   Thumb Code    82  os_core.o(.text)
    OSStart                                  0x0801591d   Thumb Code    48  os_core.o(.text)
    OSStatInit                               0x0801594d   Thumb Code    62  os_core.o(.text)
    OSTimeTick                               0x0801598b   Thumb Code   210  os_core.o(.text)
    OSVersion                                0x08015a5d   Thumb Code     6  os_core.o(.text)
    OS_Dummy                                 0x08015a63   Thumb Code     2  os_core.o(.text)
    OS_EventTaskRemove                       0x08015a65   Thumb Code    42  os_core.o(.text)
    OS_EventTaskRdy                          0x08015a8f   Thumb Code   114  os_core.o(.text)
    OS_EventTaskWait                         0x08015b01   Thumb Code   112  os_core.o(.text)
    OS_EventWaitListInit                     0x08015b71   Thumb Code    28  os_core.o(.text)
    OS_MemCopy                               0x08015b8d   Thumb Code    20  os_core.o(.text)
    OS_TCBInit                               0x08015ba1   Thumb Code   360  os_core.o(.text)
    OSFlagAccept                             0x08015d1d   Thumb Code   252  os_flag.o(.text)
    OSFlagCreate                             0x08015e19   Thumb Code    86  os_flag.o(.text)
    OS_FlagUnlink                            0x08015e6f   Thumb Code    36  os_flag.o(.text)
    OSFlagDel                                0x08015ee5   Thumb Code   214  os_flag.o(.text)
    OSFlagNameGet                            0x08015fbb   Thumb Code    80  os_flag.o(.text)
    OSFlagNameSet                            0x0801600b   Thumb Code    66  os_flag.o(.text)
    OSFlagPend                               0x080160e5   Thumb Code   614  os_flag.o(.text)
    OSFlagPendGetFlagsRdy                    0x0801634b   Thumb Code    26  os_flag.o(.text)
    OSFlagPost                               0x08016365   Thumb Code   312  os_flag.o(.text)
    OSFlagQuery                              0x0801649d   Thumb Code    48  os_flag.o(.text)
    OS_FlagInit                              0x080164cd   Thumb Code    78  os_flag.o(.text)
    OSQAccept                                0x08016529   Thumb Code    88  os_q.o(.text)
    OSQCreate                                0x08016581   Thumb Code   144  os_q.o(.text)
    OSQDel                                   0x08016611   Thumb Code   244  os_q.o(.text)
    OSQFlush                                 0x08016705   Thumb Code    36  os_q.o(.text)
    OSQPend                                  0x08016729   Thumb Code   272  os_q.o(.text)
    OSQPendAbort                             0x08016839   Thumb Code   128  os_q.o(.text)
    OSQPost                                  0x080168b9   Thumb Code   114  os_q.o(.text)
    OSQPostFront                             0x0801692b   Thumb Code   140  os_q.o(.text)
    OSQPostOpt                               0x080169b7   Thumb Code   182  os_q.o(.text)
    OSQQuery                                 0x08016a6d   Thumb Code    98  os_q.o(.text)
    OS_QInit                                 0x08016acf   Thumb Code    72  os_q.o(.text)
    OSSemAccept                              0x08016b21   Thumb Code    42  os_sem.o(.text)
    OSSemCreate                              0x08016b4b   Thumb Code    72  os_sem.o(.text)
    OSSemDel                                 0x08016b93   Thumb Code   210  os_sem.o(.text)
    OSSemPend                                0x08016c65   Thumb Code   222  os_sem.o(.text)
    OSSemPendAbort                           0x08016d43   Thumb Code   128  os_sem.o(.text)
    OSSemPost                                0x08016dc3   Thumb Code    88  os_sem.o(.text)
    OSSemQuery                               0x08016e1b   Thumb Code    76  os_sem.o(.text)
    OSSemSet                                 0x08016e67   Thumb Code    66  os_sem.o(.text)
    OSTaskChangePrio                         0x08016ebd   Thumb Code   308  os_task.o(.text)
    OSTaskCreate                             0x08016ff1   Thumb Code   148  os_task.o(.text)
    OS_TaskStkClr                            0x08017085   Thumb Code    26  os_task.o(.text)
    OSTaskCreateExt                          0x0801709f   Thumb Code   170  os_task.o(.text)
    OSTaskDel                                0x08017149   Thumb Code   294  os_task.o(.text)
    OSTaskDelReq                             0x0801726f   Thumb Code   144  os_task.o(.text)
    OSTaskNameGet                            0x080172ff   Thumb Code   114  os_task.o(.text)
    OSTaskNameSet                            0x08017371   Thumb Code    98  os_task.o(.text)
    OSTaskResume                             0x080173d3   Thumb Code   154  os_task.o(.text)
    OSTaskStkChk                             0x0801746d   Thumb Code   132  os_task.o(.text)
    OSTaskSuspend                            0x080174f1   Thumb Code   152  os_task.o(.text)
    OSTaskQuery                              0x08017589   Thumb Code    82  os_task.o(.text)
    OSTaskRegGet                             0x080175db   Thumb Code    60  os_task.o(.text)
    OSTaskRegSet                             0x08017617   Thumb Code    62  os_task.o(.text)
    OS_TaskReturn                            0x08017655   Thumb Code    18  os_task.o(.text)
    OSTimeDly                                0x08017681   Thumb Code   100  os_time.o(.text)
    OSTimeDlyHMSM                            0x080176e5   Thumb Code    86  os_time.o(.text)
    OSTimeDlyResume                          0x0801773b   Thumb Code   168  os_time.o(.text)
    OSTimeGet                                0x080177e3   Thumb Code    24  os_time.o(.text)
    OSTimeSet                                0x080177fb   Thumb Code    24  os_time.o(.text)
    OS_CPU_SR_Save                           0x08017831   Thumb Code     0  os_cpu_a.o(.text)
    OS_CPU_SR_Restore                        0x08017839   Thumb Code     0  os_cpu_a.o(.text)
    OSStartHighRdy                           0x0801783f   Thumb Code     0  os_cpu_a.o(.text)
    OSCtxSw                                  0x08017861   Thumb Code     0  os_cpu_a.o(.text)
    OSIntCtxSw                               0x0801786f   Thumb Code     0  os_cpu_a.o(.text)
    PendSV_Handler                           0x0801787f   Thumb Code     0  os_cpu_a.o(.text)
    OSInitHookBegin                          0x080178e5   Thumb Code     2  os_cpu_c.o(.text)
    OSInitHookEnd                            0x080178e7   Thumb Code     2  os_cpu_c.o(.text)
    OSTaskCreateHook                         0x080178e9   Thumb Code     2  os_cpu_c.o(.text)
    OSTaskDelHook                            0x080178eb   Thumb Code     2  os_cpu_c.o(.text)
    OSTaskIdleHook                           0x080178ed   Thumb Code     2  os_cpu_c.o(.text)
    OSTaskStatHook                           0x080178ef   Thumb Code     2  os_cpu_c.o(.text)
    OSTaskStkInit                            0x080178f1   Thumb Code   154  os_cpu_c.o(.text)
    OSTaskSwHook                             0x0801798b   Thumb Code     2  os_cpu_c.o(.text)
    OSTCBInitHook                            0x0801798d   Thumb Code     2  os_cpu_c.o(.text)
    OSTimeTickHook                           0x0801798f   Thumb Code     2  os_cpu_c.o(.text)
    OSTaskReturnHook                         0x08017991   Thumb Code     2  os_cpu_c.o(.text)
    __use_no_semihosting                     0x08017993   Thumb Code     2  use_no_semi_2.o(.text)
    __rt_ctype_table                         0x08017995   Thumb Code    16  rt_ctype_table.o(.text)
    __2printf                                0x080179a5   Thumb Code    20  noretval__2printf.o(.text)
    __2sprintf                               0x080179bd   Thumb Code    34  noretval__2sprintf.o(.text)
    _printf_pre_padding                      0x080179e5   Thumb Code    44  _printf_pad.o(.text)
    _printf_post_padding                     0x08017a11   Thumb Code    34  _printf_pad.o(.text)
    _printf_str                              0x08017a33   Thumb Code    82  _printf_str.o(.text)
    _printf_int_dec                          0x08017a85   Thumb Code   104  _printf_dec.o(.text)
    _printf_int_hex                          0x08017afd   Thumb Code    84  _printf_hex_int.o(.text)
    _printf_longlong_hex                     0x08017afd   Thumb Code     0  _printf_hex_int.o(.text)
    __printf                                 0x08017b55   Thumb Code   388  __printf_flags_ss_wp.o(.text)
    memcmp                                   0x08017cdd   Thumb Code    88  memcmp.o(.text)
    strlen                                   0x08017d35   Thumb Code    62  strlen.o(.text)
    __aeabi_memcpy                           0x08017d73   Thumb Code     0  rt_memcpy_v6.o(.text)
    __rt_memcpy                              0x08017d73   Thumb Code   138  rt_memcpy_v6.o(.text)
    _memcpy_lastbytes                        0x08017dd9   Thumb Code     0  rt_memcpy_v6.o(.text)
    __aeabi_memcpy4                          0x08017dfd   Thumb Code     0  rt_memcpy_w.o(.text)
    __aeabi_memcpy8                          0x08017dfd   Thumb Code     0  rt_memcpy_w.o(.text)
    __rt_memcpy_w                            0x08017dfd   Thumb Code   100  rt_memcpy_w.o(.text)
    _memcpy_lastbytes_aligned                0x08017e45   Thumb Code     0  rt_memcpy_w.o(.text)
    __aeabi_memclr                           0x08017e61   Thumb Code     0  rt_memclr.o(.text)
    __rt_memclr                              0x08017e61   Thumb Code    68  rt_memclr.o(.text)
    _memset                                  0x08017e65   Thumb Code     0  rt_memclr.o(.text)
    __aeabi_memclr4                          0x08017ea5   Thumb Code     0  rt_memclr_w.o(.text)
    __aeabi_memclr8                          0x08017ea5   Thumb Code     0  rt_memclr_w.o(.text)
    __rt_memclr_w                            0x08017ea5   Thumb Code    78  rt_memclr_w.o(.text)
    _memset_w                                0x08017ea9   Thumb Code     0  rt_memclr_w.o(.text)
    strcmp                                   0x08017ef5   Thumb Code   128  strcmpv7m.o(.text)
    __use_two_region_memory                  0x08017f75   Thumb Code     2  heapauxi.o(.text)
    __rt_heap_escrow$2region                 0x08017f77   Thumb Code     2  heapauxi.o(.text)
    __rt_heap_expand$2region                 0x08017f79   Thumb Code     2  heapauxi.o(.text)
    __I$use$semihosting                      0x08017f7b   Thumb Code     0  use_no_semi.o(.text)
    __use_no_semihosting_swi                 0x08017f7b   Thumb Code     2  use_no_semi.o(.text)
    __rt_locale                              0x08017f7d   Thumb Code     8  rt_locale_intlibspace.o(.text)
    _printf_int_common                       0x08017f85   Thumb Code   178  _printf_intcommon.o(.text)
    _printf_char_common                      0x08018043   Thumb Code    32  _printf_char_common.o(.text)
    _sputc                                   0x08018069   Thumb Code    10  _sputc.o(.text)
    _printf_cs_common                        0x08018073   Thumb Code    20  _printf_char.o(.text)
    _printf_char                             0x08018087   Thumb Code    16  _printf_char.o(.text)
    _printf_string                           0x08018097   Thumb Code     8  _printf_char.o(.text)
    _printf_char_file                        0x080180a1   Thumb Code    32  _printf_char_file.o(.text)
    __user_libspace                          0x080180c5   Thumb Code     8  libspace.o(.text)
    __user_perproc_libspace                  0x080180c5   Thumb Code     0  libspace.o(.text)
    __user_perthread_libspace                0x080180c5   Thumb Code     0  libspace.o(.text)
    ferror                                   0x080180cd   Thumb Code     8  ferror.o(.text)
    __user_setup_stackheap                   0x080180d5   Thumb Code    74  sys_stackheap_outer.o(.text)
    exit                                     0x0801811f   Thumb Code    18  exit.o(.text)
    _is_digit                                0x08018131   Thumb Code    14  __printf_wp.o(i._is_digit)
    _get_lc_ctype                            0x08018141   Thumb Code    44  lc_ctype_c.o(locale$$code)
    memtblsize                               0x0801816c   Data           8  malloc.o(.constdata)
    memblksize                               0x08018174   Data           8  malloc.o(.constdata)
    memsize                                  0x0801817c   Data           8  malloc.o(.constdata)
    ethbroadcast                             0x08018184   Data           6  etharp.o(.constdata)
    ethzero                                  0x0801818a   Data           6  etharp.o(.constdata)
    ip_addr_any                              0x08018190   Data           4  ip_addr.o(.constdata)
    ip_addr_broadcast                        0x08018194   Data           4  ip_addr.o(.constdata)
    tcp_state_str                            0x080181d0   Data          44  tcp.o(.constdata)
    tcp_backoff                              0x080181fc   Data          13  tcp.o(.constdata)
    tcp_persist_backoff                      0x08018209   Data           7  tcp.o(.constdata)
    tcp_pcb_lists                            0x08018210   Data          16  tcp.o(.constdata)
    pvNullPointer                            0x08018220   Data           4  sys_arch.o(.constdata)
    OSUnMapTbl                               0x08018264   Data         256  os_core.o(.constdata)
    Region$$Table$$Base                      0x08018724   Number         0  anon$$obj.o(Region$$Table)
    Region$$Table$$Limit                     0x08018744   Number         0  anon$$obj.o(Region$$Table)
    __ctype                                  0x08018751   Data           0  lc_ctype_c.o(locale$$data)
    SystemCoreClock                          0x20000000   Data           4  system_stm32f10x.o(.data)
    AHBPrescTable                            0x20000004   Data          16  system_stm32f10x.o(.data)
    __stdout                                 0x2000002c   Data           4  usart.o(.data)
    USART_RX_STA                             0x20000030   Data           2  usart.o(.data)
    sys_cmd_tab                              0x20000034   Data          28  usmart.o(.data)
    usmart_nametab                           0x20000050   Data          64  usmart_config.o(.data)
    usmart_dev                               0x20000090   Data         244  usmart_config.o(.data)
    mallco_dev                               0x20000184   Data          28  malloc.o(.data)
    LWIP_DHCP_TASK_STK                       0x200001a0   Data           4  lwip_comm.o(.data)
    TCPIP_THREAD_TASK_STK                    0x200001a4   Data           4  lwip_comm.o(.data)
    dm9000input                              0x200001a8   Data           4  lwip_comm.o(.data)
    dm9000lock                               0x200001ac   Data           4  lwip_comm.o(.data)
    tcp_server_sendbuf                       0x200001b0   Data           4  tcp_server_demo.o(.data)
    tcp_server_flag                          0x200001b4   Data           1  tcp_server_demo.o(.data)
    current_netif                            0x200001c0   Data           4  ip.o(.data)
    current_header                           0x200001c4   Data           4  ip.o(.data)
    current_iphdr_src                        0x200001c8   Data           4  ip.o(.data)
    current_iphdr_dest                       0x200001cc   Data           4  ip.o(.data)
    ram_heap                                 0x200001e0   Data           4  mem.o(.data)
    memp_memory                              0x2000022c   Data           4  memp.o(.data)
    netif_list                               0x20000230   Data           4  netif.o(.data)
    netif_default                            0x20000234   Data           4  netif.o(.data)
    pbuf_free_ooseq_pending                  0x20000239   Data           1  pbuf.o(.data)
    tcp_ticks                                0x20000244   Data           4  tcp.o(.data)
    tcp_bound_pcbs                           0x20000248   Data           4  tcp.o(.data)
    tcp_listen_pcbs                          0x2000024c   Data           4  tcp.o(.data)
    tcp_active_pcbs                          0x20000250   Data           4  tcp.o(.data)
    tcp_tw_pcbs                              0x20000254   Data           4  tcp.o(.data)
    tcp_tmp_pcb                              0x20000258   Data           4  tcp.o(.data)
    tcp_active_pcbs_changed                  0x2000025c   Data           1  tcp.o(.data)
    tcp_input_pcb                            0x20000280   Data           4  tcp_in.o(.data)
    udp_pcbs                                 0x20000290   Data           4  udp.o(.data)
    OSCtxSwCtr                               0x200002a8   Data           4  os_core.o(.data)
    OSEventFreeList                          0x200002ac   Data           4  os_core.o(.data)
    OSFlagFreeList                           0x200002b0   Data           4  os_core.o(.data)
    OSCPUUsage                               0x200002b4   Data           1  os_core.o(.data)
    OSIdleCtrMax                             0x200002b8   Data           4  os_core.o(.data)
    OSIdleCtrRun                             0x200002bc   Data           4  os_core.o(.data)
    OSStatRdy                                0x200002c0   Data           1  os_core.o(.data)
    OSIntNesting                             0x200002c1   Data           1  os_core.o(.data)
    OSLockNesting                            0x200002c2   Data           1  os_core.o(.data)
    OSPrioCur                                0x200002c3   Data           1  os_core.o(.data)
    OSPrioHighRdy                            0x200002c4   Data           1  os_core.o(.data)
    OSRdyGrp                                 0x200002c5   Data           1  os_core.o(.data)
    OSRdyTbl                                 0x200002c6   Data           8  os_core.o(.data)
    OSRunning                                0x200002ce   Data           1  os_core.o(.data)
    OSTaskCtr                                0x200002cf   Data           1  os_core.o(.data)
    OSIdleCtr                                0x200002d0   Data           4  os_core.o(.data)
    OSTCBCur                                 0x200002d4   Data           4  os_core.o(.data)
    OSTCBFreeList                            0x200002d8   Data           4  os_core.o(.data)
    OSTCBHighRdy                             0x200002dc   Data           4  os_core.o(.data)
    OSTCBList                                0x200002e0   Data           4  os_core.o(.data)
    OSTickStepState                          0x200002e4   Data           1  os_core.o(.data)
    OSQFreeList                              0x200002e8   Data           4  os_core.o(.data)
    OSTime                                   0x200002ec   Data           4  os_core.o(.data)
    KEY_TASK_STK                             0x200002f0   Data         512  main.o(.bss)
    LED_TASK_STK                             0x200004f0   Data         256  main.o(.bss)
    DISPLAY_TASK_STK                         0x200005f0   Data         512  main.o(.bss)
    START_TASK_STK                           0x200007f0   Data         512  main.o(.bss)
    USART_RX_BUF                             0x200009f0   Data         200  usart.o(.bss)
    enc28j60_dev                             0x20000ab8   Data          16  enc28j60.o(.bss)
    mem1base                                 0x20000ac8   Data       40960  malloc.o(.bss)
    mem1mapbase                              0x2000aac8   Data        2560  malloc.o(.bss)
    lwipdev                                  0x2000b4c8   Data          23  lwip_comm.o(.bss)
    lwip_netif                               0x2000b4e0   Data          52  lwip_comm.o(.bss)
    tcp_server_recvbuf                       0x2000b514   Data        1000  tcp_server_demo.o(.bss)
    TCPSERVER_TASK_STK                       0x2000b8fc   Data        1200  tcp_server_demo.o(.bss)
    dhcp_rx_options_val                      0x2000be84   Data          40  dhcp.o(.bss)
    dhcp_rx_options_given                    0x2000beac   Data          10  dhcp.o(.bss)
    OSEventTbl                               0x2000bf64   Data         360  os_core.o(.bss)
    OSFlagTbl                                0x2000c0cc   Data          80  os_core.o(.bss)
    OSTaskStatStk                            0x2000c11c   Data         256  os_core.o(.bss)
    OSTaskIdleStk                            0x2000c21c   Data         256  os_core.o(.bss)
    OSTCBPrioTbl                             0x2000c31c   Data         256  os_core.o(.bss)
    OSTCBTbl                                 0x2000c41c   Data        1848  os_core.o(.bss)
    OSQTbl                                   0x2000cb54   Data         120  os_core.o(.bss)
    __libspace_start                         0x2000cbcc   Data          96  libspace.o(.bss)
    __temporary_stack_top$libspace           0x2000cc2c   Data           0  libspace.o(.bss)
    mem2base                                 0x68000000   Data       196608  malloc.o(.ARM.__AT_0x68000000)
    mem2mapbase                              0x68030000   Data       12288  malloc.o(.ARM.__AT_0x68030000)



==============================================================================

Memory Map of the image

  Image Entry point : 0x08000131

  Load Region LR_IROM1 (Base: 0x08000000, Size: 0x00018b44, Max: 0x00080000, ABSOLUTE, COMPRESSED[0x00018928])

    Execution Region ER_IROM1 (Base: 0x08000000, Size: 0x00018854, Max: 0x00080000, ABSOLUTE)

    Base Addr    Size         Type   Attr      Idx    E Section Name        Object

    0x08000000   0x00000130   Data   RO          298    RESET               startup_stm32f10x_hd.o
    0x08000130   0x00000008   Code   RO         1644  * !!!main             c_w.l(__main.o)
    0x08000138   0x00000034   Code   RO         1843    !!!scatter          c_w.l(__scatter.o)
    0x0800016c   0x0000005a   Code   RO         1841    !!dczerorl2         c_w.l(__dczerorl2.o)
    0x080001c6   0x00000002   PAD
    0x080001c8   0x0000001c   Code   RO         1845    !!handler_zi        c_w.l(__scatter_zi.o)
    0x080001e4   0x00000000   Code   RO         1627    .ARM.Collect$$_printf_percent$$00000000  c_w.l(_printf_percent.o)
    0x080001e4   0x00000006   Code   RO         1625    .ARM.Collect$$_printf_percent$$00000009  c_w.l(_printf_d.o)
    0x080001ea   0x00000006   Code   RO         1626    .ARM.Collect$$_printf_percent$$0000000A  c_w.l(_printf_u.o)
    0x080001f0   0x00000006   Code   RO         1624    .ARM.Collect$$_printf_percent$$0000000C  c_w.l(_printf_x.o)
    0x080001f6   0x00000006   Code   RO         1622    .ARM.Collect$$_printf_percent$$00000013  c_w.l(_printf_c.o)
    0x080001fc   0x00000006   Code   RO         1623    .ARM.Collect$$_printf_percent$$00000014  c_w.l(_printf_s.o)
    0x08000202   0x00000004   Code   RO         1676    .ARM.Collect$$_printf_percent$$00000017  c_w.l(_printf_percent_end.o)
    0x08000206   0x00000002   Code   RO         1765    .ARM.Collect$$libinit$$00000000  c_w.l(libinit.o)
    0x08000208   0x00000000   Code   RO         1710    .ARM.Collect$$libinit$$00000002  c_w.l(libinit2.o)
    0x08000208   0x00000000   Code   RO         1712    .ARM.Collect$$libinit$$00000004  c_w.l(libinit2.o)
    0x08000208   0x00000000   Code   RO         1715    .ARM.Collect$$libinit$$0000000A  c_w.l(libinit2.o)
    0x08000208   0x00000000   Code   RO         1717    .ARM.Collect$$libinit$$0000000C  c_w.l(libinit2.o)
    0x08000208   0x00000000   Code   RO         1719    .ARM.Collect$$libinit$$0000000E  c_w.l(libinit2.o)
    0x08000208   0x00000006   Code   RO         1720    .ARM.Collect$$libinit$$0000000F  c_w.l(libinit2.o)
    0x0800020e   0x00000000   Code   RO         1722    .ARM.Collect$$libinit$$00000011  c_w.l(libinit2.o)
    0x0800020e   0x0000000c   Code   RO         1723    .ARM.Collect$$libinit$$00000012  c_w.l(libinit2.o)
    0x0800021a   0x00000000   Code   RO         1724    .ARM.Collect$$libinit$$00000013  c_w.l(libinit2.o)
    0x0800021a   0x00000000   Code   RO         1726    .ARM.Collect$$libinit$$00000015  c_w.l(libinit2.o)
    0x0800021a   0x00000000   Code   RO         1728    .ARM.Collect$$libinit$$00000017  c_w.l(libinit2.o)
    0x0800021a   0x00000000   Code   RO         1730    .ARM.Collect$$libinit$$00000019  c_w.l(libinit2.o)
    0x0800021a   0x00000000   Code   RO         1732    .ARM.Collect$$libinit$$0000001B  c_w.l(libinit2.o)
    0x0800021a   0x00000000   Code   RO         1734    .ARM.Collect$$libinit$$0000001D  c_w.l(libinit2.o)
    0x0800021a   0x00000000   Code   RO         1736    .ARM.Collect$$libinit$$0000001F  c_w.l(libinit2.o)
    0x0800021a   0x00000000   Code   RO         1738    .ARM.Collect$$libinit$$00000021  c_w.l(libinit2.o)
    0x0800021a   0x00000000   Code   RO         1740    .ARM.Collect$$libinit$$00000023  c_w.l(libinit2.o)
    0x0800021a   0x00000000   Code   RO         1742    .ARM.Collect$$libinit$$00000025  c_w.l(libinit2.o)
    0x0800021a   0x00000000   Code   RO         1746    .ARM.Collect$$libinit$$0000002C  c_w.l(libinit2.o)
    0x0800021a   0x00000000   Code   RO         1748    .ARM.Collect$$libinit$$0000002E  c_w.l(libinit2.o)
    0x0800021a   0x00000000   Code   RO         1750    .ARM.Collect$$libinit$$00000030  c_w.l(libinit2.o)
    0x0800021a   0x00000000   Code   RO         1752    .ARM.Collect$$libinit$$00000032  c_w.l(libinit2.o)
    0x0800021a   0x00000002   Code   RO         1753    .ARM.Collect$$libinit$$00000033  c_w.l(libinit2.o)
    0x0800021c   0x00000002   Code   RO         1798    .ARM.Collect$$libshutdown$$00000000  c_w.l(libshutdown.o)
    0x0800021e   0x00000000   Code   RO         1804    .ARM.Collect$$libshutdown$$00000002  c_w.l(libshutdown2.o)
    0x0800021e   0x00000000   Code   RO         1806    .ARM.Collect$$libshutdown$$00000004  c_w.l(libshutdown2.o)
    0x0800021e   0x00000000   Code   RO         1809    .ARM.Collect$$libshutdown$$00000007  c_w.l(libshutdown2.o)
    0x0800021e   0x00000000   Code   RO         1812    .ARM.Collect$$libshutdown$$0000000A  c_w.l(libshutdown2.o)
    0x0800021e   0x00000000   Code   RO         1814    .ARM.Collect$$libshutdown$$0000000C  c_w.l(libshutdown2.o)
    0x0800021e   0x00000000   Code   RO         1817    .ARM.Collect$$libshutdown$$0000000F  c_w.l(libshutdown2.o)
    0x0800021e   0x00000002   Code   RO         1818    .ARM.Collect$$libshutdown$$00000010  c_w.l(libshutdown2.o)
    0x08000220   0x00000000   Code   RO         1660    .ARM.Collect$$rtentry$$00000000  c_w.l(__rtentry.o)
    0x08000220   0x00000000   Code   RO         1689    .ARM.Collect$$rtentry$$00000002  c_w.l(__rtentry2.o)
    0x08000220   0x00000006   Code   RO         1701    .ARM.Collect$$rtentry$$00000004  c_w.l(__rtentry4.o)
    0x08000226   0x00000000   Code   RO         1691    .ARM.Collect$$rtentry$$00000009  c_w.l(__rtentry2.o)
    0x08000226   0x00000004   Code   RO         1692    .ARM.Collect$$rtentry$$0000000A  c_w.l(__rtentry2.o)
    0x0800022a   0x00000000   Code   RO         1694    .ARM.Collect$$rtentry$$0000000C  c_w.l(__rtentry2.o)
    0x0800022a   0x00000008   Code   RO         1695    .ARM.Collect$$rtentry$$0000000D  c_w.l(__rtentry2.o)
    0x08000232   0x00000002   Code   RO         1768    .ARM.Collect$$rtexit$$00000000  c_w.l(rtexit.o)
    0x08000234   0x00000000   Code   RO         1777    .ARM.Collect$$rtexit$$00000002  c_w.l(rtexit2.o)
    0x08000234   0x00000004   Code   RO         1778    .ARM.Collect$$rtexit$$00000003  c_w.l(rtexit2.o)
    0x08000238   0x00000006   Code   RO         1779    .ARM.Collect$$rtexit$$00000004  c_w.l(rtexit2.o)
    0x0800023e   0x00000002   PAD
    0x08000240   0x000002a4   Code   RO            1    .text               main.o
    0x080004e4   0x00000016   Code   RO          220    .text               stm32f10x_it.o
    0x080004fa   0x00000002   PAD
    0x080004fc   0x000001e0   Code   RO          261    .text               system_stm32f10x.o
    0x080006dc   0x00000040   Code   RO          299    .text               startup_stm32f10x_hd.o
    0x0800071c   0x000000dc   Code   RO          303    .text               misc.o
    0x080007f8   0x000003a4   Code   RO          315    .text               stm32f10x_rcc.o
    0x08000b9c   0x0000030c   Code   RO          329    .text               stm32f10x_spi.o
    0x08000ea8   0x00000408   Code   RO          341    .text               stm32f10x_usart.o
    0x080012b0   0x0000035c   Code   RO          353    .text               stm32f10x_gpio.o
    0x0800160c   0x0000060c   Code   RO          365    .text               stm32f10x_fsmc.o
    0x08001c18   0x00000e1a   Code   RO          377    .text               stm32f10x_tim.o
    0x08002a32   0x00000002   PAD
    0x08002a34   0x0000011c   Code   RO          389    .text               stm32f10x_exti.o
    0x08002b50   0x00000130   Code   RO          401    .text               delay.o
    0x08002c80   0x00000148   Code   RO          441    .text               usart.o
    0x08002dc8   0x0000004c   Code   RO          464    .text               led.o
    0x08002e14   0x000000fc   Code   RO          476    .text               key.o
    0x08002f10   0x00000108   Code   RO          516    .text               spi.o
    0x08003018   0x0000077c   Code   RO          531    .text               enc28j60.o
    0x08003794   0x00000118   Code   RO          553    .text               sram.o
    0x080038ac   0x00000074   Code   RO          569    .text               timer.o
    0x08003920   0x00000c38   Code   RO          581    .text               usmart.o
    0x08004558   0x00000528   Code   RO          597    .text               usmart_str.o
    0x08004a80   0x00000234   Code   RO          622    .text               malloc.o
    0x08004cb4   0x00000554   Code   RO          644    .text               lwip_comm.o
    0x08005208   0x00000254   Code   RO          741    .text               tcp_server_demo.o
    0x0800545c   0x00000e84   Code   RO          771    .text               etharp.o
    0x080062e0   0x00000214   Code   RO          801    .text               ethernetif.o
    0x080064f4   0x00000444   Code   RO          837    .text               icmp.o
    0x08006938   0x000002b4   Code   RO          878    .text               inet_chksum.o
    0x08006bec   0x0000048c   Code   RO          890    .text               ip.o
    0x08007078   0x0000032c   Code   RO          917    .text               ip_addr.o
    0x080073a4   0x00000a28   Code   RO          946    .text               ip_frag.o
    0x08007dcc   0x0000003e   Code   RO          963    .text               def.o
    0x08007e0a   0x00000002   PAD
    0x08007e0c   0x00001a64   Code   RO          975    .text               dhcp.o
    0x08009870   0x00000024   Code   RO         1001    .text               init.o
    0x08009894   0x00000744   Code   RO         1025    .text               mem.o
    0x08009fd8   0x000001d4   Code   RO         1040    .text               memp.o
    0x0800a1ac   0x00000340   Code   RO         1073    .text               netif.o
    0x0800a4ec   0x0000113a   Code   RO         1095    .text               pbuf.o
    0x0800b626   0x00000002   PAD
    0x0800b628   0x0000024c   Code   RO         1119    .text               raw.o
    0x0800b874   0x00001530   Code   RO         1139    .text               tcp.o
    0x0800cda4   0x00001db8   Code   RO         1163    .text               tcp_in.o
    0x0800eb5c   0x000013a2   Code   RO         1186    .text               tcp_out.o
    0x0800fefe   0x00000002   PAD
    0x0800ff00   0x00000330   Code   RO         1199    .text               timers.o
    0x08010230   0x00000638   Code   RO         1240    .text               udp.o
    0x08010868   0x000003d4   Code   RO         1269    .text               sys_arch.o
    0x08010c3c   0x00000bfc   Code   RO         1294    .text               api_lib.o
    0x08011838   0x000017c0   Code   RO         1325    .text               api_msg.o
    0x08012ff8   0x000003b0   Code   RO         1352    .text               netbuf.o
    0x080133a8   0x00001c58   Code   RO         1379    .text               sockets.o
    0x08015000   0x000003b8   Code   RO         1395    .text               tcpip.o
    0x080153b8   0x00000964   Code   RO         1418    .text               os_core.o
    0x08015d1c   0x0000080c   Code   RO         1438    .text               os_flag.o
    0x08016528   0x000005f8   Code   RO         1480    .text               os_q.o
    0x08016b20   0x0000039c   Code   RO         1492    .text               os_sem.o
    0x08016ebc   0x000007c4   Code   RO         1504    .text               os_task.o
    0x08017680   0x000001b0   Code   RO         1516    .text               os_time.o
    0x08017830   0x000000b4   Code   RO         1534    .text               os_cpu_a.o
    0x080178e4   0x000000ae   Code   RO         1537    .text               os_cpu_c.o
    0x08017992   0x00000002   Code   RO         1561    .text               c_w.l(use_no_semi_2.o)
    0x08017994   0x00000010   Code   RO         1563    .text               c_w.l(rt_ctype_table.o)
    0x080179a4   0x00000018   Code   RO         1569    .text               c_w.l(noretval__2printf.o)
    0x080179bc   0x00000028   Code   RO         1571    .text               c_w.l(noretval__2sprintf.o)
    0x080179e4   0x0000004e   Code   RO         1575    .text               c_w.l(_printf_pad.o)
    0x08017a32   0x00000052   Code   RO         1577    .text               c_w.l(_printf_str.o)
    0x08017a84   0x00000078   Code   RO         1579    .text               c_w.l(_printf_dec.o)
    0x08017afc   0x00000058   Code   RO         1584    .text               c_w.l(_printf_hex_int.o)
    0x08017b54   0x00000188   Code   RO         1619    .text               c_w.l(__printf_flags_ss_wp.o)
    0x08017cdc   0x00000058   Code   RO         1628    .text               c_w.l(memcmp.o)
    0x08017d34   0x0000003e   Code   RO         1630    .text               c_w.l(strlen.o)
    0x08017d72   0x0000008a   Code   RO         1632    .text               c_w.l(rt_memcpy_v6.o)
    0x08017dfc   0x00000064   Code   RO         1634    .text               c_w.l(rt_memcpy_w.o)
    0x08017e60   0x00000044   Code   RO         1636    .text               c_w.l(rt_memclr.o)
    0x08017ea4   0x0000004e   Code   RO         1638    .text               c_w.l(rt_memclr_w.o)
    0x08017ef2   0x00000002   PAD
    0x08017ef4   0x00000080   Code   RO         1640    .text               c_w.l(strcmpv7m.o)
    0x08017f74   0x00000006   Code   RO         1642    .text               c_w.l(heapauxi.o)
    0x08017f7a   0x00000002   Code   RO         1658    .text               c_w.l(use_no_semi.o)
    0x08017f7c   0x00000008   Code   RO         1664    .text               c_w.l(rt_locale_intlibspace.o)
    0x08017f84   0x000000b2   Code   RO         1666    .text               c_w.l(_printf_intcommon.o)
    0x08018036   0x00000002   PAD
    0x08018038   0x00000030   Code   RO         1668    .text               c_w.l(_printf_char_common.o)
    0x08018068   0x0000000a   Code   RO         1670    .text               c_w.l(_sputc.o)
    0x08018072   0x0000002c   Code   RO         1672    .text               c_w.l(_printf_char.o)
    0x0801809e   0x00000002   PAD
    0x080180a0   0x00000024   Code   RO         1674    .text               c_w.l(_printf_char_file.o)
    0x080180c4   0x00000008   Code   RO         1685    .text               c_w.l(libspace.o)
    0x080180cc   0x00000008   Code   RO         1705    .text               c_w.l(ferror.o)
    0x080180d4   0x0000004a   Code   RO         1754    .text               c_w.l(sys_stackheap_outer.o)
    0x0801811e   0x00000012   Code   RO         1756    .text               c_w.l(exit.o)
    0x08018130   0x0000000e   Code   RO         1612    i._is_digit         c_w.l(__printf_wp.o)
    0x0801813e   0x00000002   PAD
    0x08018140   0x0000002c   Code   RO         1678    locale$$code        c_w.l(lc_ctype_c.o)
    0x0801816c   0x00000018   Data   RO          626    .constdata          malloc.o
    0x08018184   0x0000000c   Data   RO          773    .constdata          etharp.o
    0x08018190   0x00000008   Data   RO          919    .constdata          ip_addr.o
    0x08018198   0x00000038   Data   RO         1042    .constdata          memp.o
    0x080181d0   0x00000050   Data   RO         1140    .constdata          tcp.o
    0x08018220   0x00000004   Data   RO         1270    .constdata          sys_arch.o
    0x08018224   0x00000040   Data   RO         1381    .constdata          sockets.o
    0x08018264   0x00000100   Data   RO         1420    .constdata          os_core.o
    0x08018364   0x00000028   Data   RO         1585    .constdata          c_w.l(_printf_hex_int.o)
    0x0801838c   0x00000011   Data   RO         1620    .constdata          c_w.l(__printf_flags_ss_wp.o)
    0x0801839d   0x00000003   PAD
    0x080183a0   0x00000028   Data   RO          582    .conststring        usmart.o
    0x080183c8   0x000000fb   Data   RO          609    .conststring        usmart_config.o
    0x080184c3   0x00000001   PAD
    0x080184c4   0x00000028   Data   RO          743    .conststring        tcp_server_demo.o
    0x080184ec   0x00000044   Data   RO          774    .conststring        etharp.o
    0x08018530   0x0000008c   Data   RO          977    .conststring        dhcp.o
    0x080185bc   0x000000a0   Data   RO         1043    .conststring        memp.o
    0x0801865c   0x0000006d   Data   RO         1141    .conststring        tcp.o
    0x080186c9   0x00000003   PAD
    0x080186cc   0x00000055   Data   RO         1187    .conststring        tcp_out.o
    0x08018721   0x00000003   PAD
    0x08018724   0x00000020   Data   RO         1839    Region$$Table       anon$$obj.o
    0x08018744   0x00000110   Data   RO         1677    locale$$data        c_w.l(lc_ctype_c.o)


    Execution Region RW_IRAM1 (Base: 0x20000000, Size: 0x0000d230, Max: 0x00010000, ABSOLUTE, COMPRESSED[0x000000d4])

    Base Addr    Size         Type   Attr      Idx    E Section Name        Object

    0x20000000   0x00000014   Data   RW          262    .data               system_stm32f10x.o
    0x20000014   0x00000014   Data   RW          316    .data               stm32f10x_rcc.o
    0x20000028   0x00000004   Data   RW          402    .data               delay.o
    0x2000002c   0x00000006   Data   RW          443    .data               usart.o
    0x20000032   0x00000001   Data   RW          477    .data               key.o
    0x20000033   0x00000001   PAD
    0x20000034   0x0000001c   Data   RW          583    .data               usmart.o
    0x20000050   0x00000134   Data   RW          610    .data               usmart_config.o
    0x20000184   0x0000001c   Data   RW          627    .data               malloc.o
    0x200001a0   0x00000010   Data   RW          646    .data               lwip_comm.o
    0x200001b0   0x0000000e   Data   RW          744    .data               tcp_server_demo.o
    0x200001be   0x00000001   Data   RW          775    .data               etharp.o
    0x200001bf   0x00000001   PAD
    0x200001c0   0x00000012   Data   RW          891    .data               ip.o
    0x200001d2   0x00000002   PAD
    0x200001d4   0x00000006   Data   RW          947    .data               ip_frag.o
    0x200001da   0x00000002   PAD
    0x200001dc   0x00000004   Data   RW          978    .data               dhcp.o
    0x200001e0   0x00000014   Data   RW         1026    .data               mem.o
    0x200001f4   0x0000003c   Data   RW         1044    .data               memp.o
    0x20000230   0x00000009   Data   RW         1074    .data               netif.o
    0x20000239   0x00000001   Data   RW         1096    .data               pbuf.o
    0x2000023a   0x00000002   PAD
    0x2000023c   0x00000004   Data   RW         1120    .data               raw.o
    0x20000240   0x00000024   Data   RW         1142    .data               tcp.o
    0x20000264   0x00000020   Data   RW         1165    .data               tcp_in.o
    0x20000284   0x00000008   Data   RW         1200    .data               timers.o
    0x2000028c   0x00000008   Data   RW         1241    .data               udp.o
    0x20000294   0x00000008   Data   RW         1382    .data               sockets.o
    0x2000029c   0x0000000c   Data   RW         1396    .data               tcpip.o
    0x200002a8   0x00000048   Data   RW         1421    .data               os_core.o
    0x200002f0   0x00000700   Zero   RW            2    .bss                main.o
    0x200009f0   0x000000c8   Zero   RW          442    .bss                usart.o
    0x20000ab8   0x00000010   Zero   RW          532    .bss                enc28j60.o
    0x20000ac8   0x0000aa00   Zero   RW          625    .bss                malloc.o
    0x2000b4c8   0x0000004c   Zero   RW          645    .bss                lwip_comm.o
    0x2000b514   0x00000898   Zero   RW          742    .bss                tcp_server_demo.o
    0x2000bdac   0x000000c8   Zero   RW          772    .bss                etharp.o
    0x2000be74   0x00000010   Zero   RW          918    .bss                ip_addr.o
    0x2000be84   0x00000032   Zero   RW          976    .bss                dhcp.o
    0x2000beb6   0x00000002   PAD
    0x2000beb8   0x00000038   Zero   RW         1041    .bss                memp.o
    0x2000bef0   0x00000014   Zero   RW         1164    .bss                tcp_in.o
    0x2000bf04   0x00000060   Zero   RW         1380    .bss                sockets.o
    0x2000bf64   0x00000c68   Zero   RW         1419    .bss                os_core.o
    0x2000cbcc   0x00000060   Zero   RW         1686    .bss                c_w.l(libspace.o)
    0x2000cc2c   0x00000004   PAD
    0x2000cc30   0x00000200   Zero   RW          297    HEAP                startup_stm32f10x_hd.o
    0x2000ce30   0x00000400   Zero   RW          296    STACK               startup_stm32f10x_hd.o



  Load Region LR$$.ARM.__AT_0x68000000 (Base: 0x68000000, Size: 0x00000000, Max: 0x00030000, ABSOLUTE)

    Execution Region ER$$.ARM.__AT_0x68000000 (Base: 0x68000000, Size: 0x00030000, Max: 0x00030000, ABSOLUTE, UNINIT)

    Base Addr    Size         Type   Attr      Idx    E Section Name        Object

    0x68000000   0x00030000   Zero   RW          623    .ARM.__AT_0x68000000  malloc.o



  Load Region LR$$.ARM.__AT_0x68030000 (Base: 0x68030000, Size: 0x00000000, Max: 0x00003000, ABSOLUTE)

    Execution Region ER$$.ARM.__AT_0x68030000 (Base: 0x68030000, Size: 0x00003000, Max: 0x00003000, ABSOLUTE, UNINIT)

    Base Addr    Size         Type   Attr      Idx    E Section Name        Object

    0x68030000   0x00003000   Zero   RW          624    .ARM.__AT_0x68030000  malloc.o


==============================================================================

Image component sizes


      Code (inc. data)   RO Data    RW Data    ZI Data      Debug   Object Name

      3068        818          0          0          0      18113   api_lib.o
      6080       1222          0          0          0      10667   api_msg.o
         0          0          0          0          0         32   core_cm3.o
        62          0          0          0          0       1142   def.o
       304         24          0          4          0       2997   delay.o
      6756       1090        140          4         50      13670   dhcp.o
      1916        154          0          0         16      10523   enc28j60.o
      3716        604         80          1        200      10239   etharp.o
       532        178          0          0          0       4754   ethernetif.o
      1092        372          0          0          0       6957   icmp.o
         0          0          0          0          0       1876   inet.o
       692        104          0          0          0       3125   inet_chksum.o
        36          0          0          0          0       4560   init.o
      1164        174          0         18          0       7275   ip.o
       812        112          8          0         16       9543   ip_addr.o
      2600        486          0          6          0       7532   ip_frag.o
       252         12          0          1          0        844   key.o
        76          8          0          0          0        499   led.o
      1364        524          0         16         76      25199   lwip_comm.o
       676        194          0          0       1792     288151   main.o
       564         18         24         28     252416       4680   malloc.o
      1860        568          0         20          0       4202   mem.o
       468        196        216         60         56       3012   memp.o
       220         22          0          0          0       1829   misc.o
       944        340          0          0          0       3141   netbuf.o
       832        124          0          9          0       6345   netif.o
      2404        238        256         72       3176      15817   os_core.o
       180         36          0          0          0        328   os_cpu_a.o
       174          0          0          0          0      10422   os_cpu_c.o
      2060         42          0          0          0       7108   os_flag.o
      1528         34          0          0          0       5781   os_q.o
       924         20          0          0          0       4054   os_sem.o
      1988         70          0          0          0       7785   os_task.o
       432         30          0          0          0       1846   os_time.o
      4410       1248          0          1          0      10823   pbuf.o
       588        134          0          4          0       3437   raw.o
      7256        666         64          8         96      18358   sockets.o
       264         10          0          0          0       1121   spi.o
       280         16          0          0          0       1965   sram.o
        64         26        304          0       1536        796   startup_stm32f10x_hd.o
       284         10          0          0          0       2291   stm32f10x_exti.o
      1548         18          0          0          0       5411   stm32f10x_fsmc.o
       860         38          0          0          0       5765   stm32f10x_gpio.o
        22          0          0          0          0        999   stm32f10x_it.o
       932         36          0         20          0       8952   stm32f10x_rcc.o
       780         14          0          0          0       6646   stm32f10x_spi.o
      3610         88          0          0          0      22876   stm32f10x_tim.o
      1032         22          0          0          0       8488   stm32f10x_usart.o
       980        166          4          0          0       6526   sys_arch.o
       480         38          0         20          0       1743   system_stm32f10x.o
      5424       1124        189         36          0      22408   tcp.o
      7608       1072          0         32         20      16175   tcp_in.o
      5026        954         85          0          0      10083   tcp_out.o
       596        176         40         14       2200      10229   tcp_server_demo.o
       952        194          0         12          0      10156   tcpip.o
       116          6          0          0          0        784   timer.o
       816        186          0          8          0       3671   timers.o
      1592        202          0          8          0      14473   udp.o
       328         16          0          6        200       3186   usart.o
      3128       1288         40         28          0       4374   usmart.o
         0          0        251        308          0       1608   usmart_config.o
      1320         12          0          0          0       5229   usmart_str.o

    ----------------------------------------------------------------------
     96082      15574       1740        752     261852     712621   Object Totals
         0          0         32          0          0          0   (incl. Generated)
        10          0          7          8          2          0   (incl. Padding)

    ----------------------------------------------------------------------

      Code (inc. data)   RO Data    RW Data    ZI Data      Debug   Library Member Name

        90          0          0          0          0          0   __dczerorl2.o
         8          0          0          0          0         68   __main.o
       392          4         17          0          0         92   __printf_flags_ss_wp.o
        14          0          0          0          0         68   __printf_wp.o
         0          0          0          0          0          0   __rtentry.o
        12          0          0          0          0          0   __rtentry2.o
         6          0          0          0          0          0   __rtentry4.o
        52          8          0          0          0          0   __scatter.o
        28          0          0          0          0          0   __scatter_zi.o
         6          0          0          0          0          0   _printf_c.o
        44          0          0          0          0        108   _printf_char.o
        48          6          0          0          0         96   _printf_char_common.o
        36          4          0          0          0         80   _printf_char_file.o
         6          0          0          0          0          0   _printf_d.o
       120         16          0          0          0         92   _printf_dec.o
        88          4         40          0          0         88   _printf_hex_int.o
       178          0          0          0          0         88   _printf_intcommon.o
        78          0          0          0          0        108   _printf_pad.o
         0          0          0          0          0          0   _printf_percent.o
         4          0          0          0          0          0   _printf_percent_end.o
         6          0          0          0          0          0   _printf_s.o
        82          0          0          0          0         80   _printf_str.o
         6          0          0          0          0          0   _printf_u.o
         6          0          0          0          0          0   _printf_x.o
        10          0          0          0          0         68   _sputc.o
        18          0          0          0          0         80   exit.o
         8          0          0          0          0         68   ferror.o
         6          0          0          0          0        152   heapauxi.o
        44         10        272          0          0         76   lc_ctype_c.o
         2          0          0          0          0          0   libinit.o
        20          0          0          0          0          0   libinit2.o
         2          0          0          0          0          0   libshutdown.o
         2          0          0          0          0          0   libshutdown2.o
         8          4          0          0         96         68   libspace.o
        88          0          0          0          0         76   memcmp.o
        24          4          0          0          0         84   noretval__2printf.o
        40          6          0          0          0         84   noretval__2sprintf.o
        16          4          0          0          0         76   rt_ctype_table.o
         8          4          0          0          0         68   rt_locale_intlibspace.o
        68          0          0          0          0         68   rt_memclr.o
        78          0          0          0          0         80   rt_memclr_w.o
       138          0          0          0          0         68   rt_memcpy_v6.o
       100          0          0          0          0         80   rt_memcpy_w.o
         2          0          0          0          0          0   rtexit.o
        10          0          0          0          0          0   rtexit2.o
       128          0          0          0          0         68   strcmpv7m.o
        62          0          0          0          0         76   strlen.o
        74          0          0          0          0         80   sys_stackheap_outer.o
         2          0          0          0          0         68   use_no_semi.o
         2          0          0          0          0         68   use_no_semi_2.o

    ----------------------------------------------------------------------
      2282         74        332          0        100       2524   Library Totals
        12          0          3          0          4          0   (incl. Padding)

    ----------------------------------------------------------------------

      Code (inc. data)   RO Data    RW Data    ZI Data      Debug   Library Name

      2270         74        329          0         96       2524   c_w.l

    ----------------------------------------------------------------------
      2282         74        332          0        100       2524   Library Totals

    ----------------------------------------------------------------------

==============================================================================


      Code (inc. data)   RO Data    RW Data    ZI Data      Debug   

     98364      15648       2072        752     261952     708797   Grand Totals
     98364      15648       2072        212     261952     708797   ELF Image Totals (compressed)
     98364      15648       2072        212          0          0   ROM Totals

==============================================================================

    Total RO  Size (Code + RO Data)               100436 (  98.08kB)
    Total RW  Size (RW Data + ZI Data)            262704 ( 256.55kB)
    Total ROM Size (Code + RO Data + RW Data)     100648 (  98.29kB)

==============================================================================

